{"timestamp":"2025-10-24T18:38:50.728679","level":"info","event":"DAG bundles loaded: dags-folder","logger":"airflow.dag_processing.bundles.manager.DagBundlesManager"}
{"timestamp":"2025-10-24T18:38:50.729056","level":"info","event":"Filling up the DagBag from /opt/airflow/dags/databricks_1.py","logger":"airflow.models.dagbag.DagBag"}
{"timestamp":"2025-10-24T18:38:50.755107","level":"warning","event":"/home/airflow/.local/lib/python3.12/site-packages/airflow/models/connection.py:471: DeprecationWarning: Using Connection.get_connection_from_secrets from `airflow.models` is deprecated.Please use `from airflow.sdk import Connection` instead\n  warnings.warn(\n","logger":"py.warnings"}
{"timestamp":"2025-10-24T18:38:50.760580","level":"info","event":"Connection Retrieved 'databricks_default'","logger":"airflow.hooks.base"}
{"timestamp":"2025-10-24T18:38:51.466515","level":"info","event":"Run submitted with run_id: 985552175325099","logger":"airflow.task.operators.airflow.providers.databricks.operators.databricks.DatabricksRunNowOperator"}
{"timestamp":"2025-10-24T18:38:52.614598","level":"info","event":"Extraindo-conversoes in run state: {'life_cycle_state': 'QUEUED', 'result_state': '', 'state_message': ''}","logger":"airflow.task.operators.airflow.providers.databricks.operators.databricks.DatabricksRunNowOperator"}
{"timestamp":"2025-10-24T18:38:52.614704","level":"info","event":"View run status, Spark UI, and logs at https://adb-411288146017767.7.azuredatabricks.net/?o=411288146017767#job/54040929043857/run/985552175325099","logger":"airflow.task.operators.airflow.providers.databricks.operators.databricks.DatabricksRunNowOperator"}
{"timestamp":"2025-10-24T18:38:52.614742","level":"info","event":"Sleeping for 30 seconds.","logger":"airflow.task.operators.airflow.providers.databricks.operators.databricks.DatabricksRunNowOperator"}
{"timestamp":"2025-10-24T18:39:23.186413","level":"info","event":"Extraindo-conversoes in run state: {'life_cycle_state': 'QUEUED', 'result_state': '', 'state_message': ''}","logger":"airflow.task.operators.airflow.providers.databricks.operators.databricks.DatabricksRunNowOperator"}
{"timestamp":"2025-10-24T18:39:23.186523","level":"info","event":"View run status, Spark UI, and logs at https://adb-411288146017767.7.azuredatabricks.net/?o=411288146017767#job/54040929043857/run/985552175325099","logger":"airflow.task.operators.airflow.providers.databricks.operators.databricks.DatabricksRunNowOperator"}
{"timestamp":"2025-10-24T18:39:23.186561","level":"info","event":"Sleeping for 30 seconds.","logger":"airflow.task.operators.airflow.providers.databricks.operators.databricks.DatabricksRunNowOperator"}
{"timestamp":"2025-10-24T18:39:53.760051","level":"info","event":"Extraindo-conversoes in run state: {'life_cycle_state': 'QUEUED', 'result_state': '', 'state_message': ''}","logger":"airflow.task.operators.airflow.providers.databricks.operators.databricks.DatabricksRunNowOperator"}
{"timestamp":"2025-10-24T18:39:53.760162","level":"info","event":"View run status, Spark UI, and logs at https://adb-411288146017767.7.azuredatabricks.net/?o=411288146017767#job/54040929043857/run/985552175325099","logger":"airflow.task.operators.airflow.providers.databricks.operators.databricks.DatabricksRunNowOperator"}
{"timestamp":"2025-10-24T18:39:53.760201","level":"info","event":"Sleeping for 30 seconds.","logger":"airflow.task.operators.airflow.providers.databricks.operators.databricks.DatabricksRunNowOperator"}
{"timestamp":"2025-10-24T18:40:24.328955","level":"info","event":"Extraindo-conversoes in run state: {'life_cycle_state': 'QUEUED', 'result_state': '', 'state_message': ''}","logger":"airflow.task.operators.airflow.providers.databricks.operators.databricks.DatabricksRunNowOperator"}
{"timestamp":"2025-10-24T18:40:24.329154","level":"info","event":"View run status, Spark UI, and logs at https://adb-411288146017767.7.azuredatabricks.net/?o=411288146017767#job/54040929043857/run/985552175325099","logger":"airflow.task.operators.airflow.providers.databricks.operators.databricks.DatabricksRunNowOperator"}
{"timestamp":"2025-10-24T18:40:24.329203","level":"info","event":"Sleeping for 30 seconds.","logger":"airflow.task.operators.airflow.providers.databricks.operators.databricks.DatabricksRunNowOperator"}
{"timestamp":"2025-10-24T18:40:54.892584","level":"info","event":"Extraindo-conversoes in run state: {'life_cycle_state': 'QUEUED', 'result_state': '', 'state_message': ''}","logger":"airflow.task.operators.airflow.providers.databricks.operators.databricks.DatabricksRunNowOperator"}
{"timestamp":"2025-10-24T18:40:54.892699","level":"info","event":"View run status, Spark UI, and logs at https://adb-411288146017767.7.azuredatabricks.net/?o=411288146017767#job/54040929043857/run/985552175325099","logger":"airflow.task.operators.airflow.providers.databricks.operators.databricks.DatabricksRunNowOperator"}
{"timestamp":"2025-10-24T18:40:54.892738","level":"info","event":"Sleeping for 30 seconds.","logger":"airflow.task.operators.airflow.providers.databricks.operators.databricks.DatabricksRunNowOperator"}
{"timestamp":"2025-10-24T18:41:25.461681","level":"info","event":"Extraindo-conversoes in run state: {'life_cycle_state': 'QUEUED', 'result_state': '', 'state_message': ''}","logger":"airflow.task.operators.airflow.providers.databricks.operators.databricks.DatabricksRunNowOperator"}
{"timestamp":"2025-10-24T18:41:25.461793","level":"info","event":"View run status, Spark UI, and logs at https://adb-411288146017767.7.azuredatabricks.net/?o=411288146017767#job/54040929043857/run/985552175325099","logger":"airflow.task.operators.airflow.providers.databricks.operators.databricks.DatabricksRunNowOperator"}
{"timestamp":"2025-10-24T18:41:25.461832","level":"info","event":"Sleeping for 30 seconds.","logger":"airflow.task.operators.airflow.providers.databricks.operators.databricks.DatabricksRunNowOperator"}
{"timestamp":"2025-10-24T18:41:56.030185","level":"info","event":"Extraindo-conversoes in run state: {'life_cycle_state': 'QUEUED', 'result_state': '', 'state_message': ''}","logger":"airflow.task.operators.airflow.providers.databricks.operators.databricks.DatabricksRunNowOperator"}
{"timestamp":"2025-10-24T18:41:56.030296","level":"info","event":"View run status, Spark UI, and logs at https://adb-411288146017767.7.azuredatabricks.net/?o=411288146017767#job/54040929043857/run/985552175325099","logger":"airflow.task.operators.airflow.providers.databricks.operators.databricks.DatabricksRunNowOperator"}
{"timestamp":"2025-10-24T18:41:56.030334","level":"info","event":"Sleeping for 30 seconds.","logger":"airflow.task.operators.airflow.providers.databricks.operators.databricks.DatabricksRunNowOperator"}
{"timestamp":"2025-10-24T18:42:26.599353","level":"info","event":"Extraindo-conversoes in run state: {'life_cycle_state': 'QUEUED', 'result_state': '', 'state_message': ''}","logger":"airflow.task.operators.airflow.providers.databricks.operators.databricks.DatabricksRunNowOperator"}
{"timestamp":"2025-10-24T18:42:26.599479","level":"info","event":"View run status, Spark UI, and logs at https://adb-411288146017767.7.azuredatabricks.net/?o=411288146017767#job/54040929043857/run/985552175325099","logger":"airflow.task.operators.airflow.providers.databricks.operators.databricks.DatabricksRunNowOperator"}
{"timestamp":"2025-10-24T18:42:26.599516","level":"info","event":"Sleeping for 30 seconds.","logger":"airflow.task.operators.airflow.providers.databricks.operators.databricks.DatabricksRunNowOperator"}
{"timestamp":"2025-10-24T18:42:57.168892","level":"info","event":"Extraindo-conversoes in run state: {'life_cycle_state': 'QUEUED', 'result_state': '', 'state_message': ''}","logger":"airflow.task.operators.airflow.providers.databricks.operators.databricks.DatabricksRunNowOperator"}
{"timestamp":"2025-10-24T18:42:57.169040","level":"info","event":"View run status, Spark UI, and logs at https://adb-411288146017767.7.azuredatabricks.net/?o=411288146017767#job/54040929043857/run/985552175325099","logger":"airflow.task.operators.airflow.providers.databricks.operators.databricks.DatabricksRunNowOperator"}
{"timestamp":"2025-10-24T18:42:57.169079","level":"info","event":"Sleeping for 30 seconds.","logger":"airflow.task.operators.airflow.providers.databricks.operators.databricks.DatabricksRunNowOperator"}
{"timestamp":"2025-10-24T18:43:27.731892","level":"info","event":"Extraindo-conversoes in run state: {'life_cycle_state': 'QUEUED', 'result_state': '', 'state_message': ''}","logger":"airflow.task.operators.airflow.providers.databricks.operators.databricks.DatabricksRunNowOperator"}
{"timestamp":"2025-10-24T18:43:27.731995","level":"info","event":"View run status, Spark UI, and logs at https://adb-411288146017767.7.azuredatabricks.net/?o=411288146017767#job/54040929043857/run/985552175325099","logger":"airflow.task.operators.airflow.providers.databricks.operators.databricks.DatabricksRunNowOperator"}
{"timestamp":"2025-10-24T18:43:27.732035","level":"info","event":"Sleeping for 30 seconds.","logger":"airflow.task.operators.airflow.providers.databricks.operators.databricks.DatabricksRunNowOperator"}
{"timestamp":"2025-10-24T18:43:58.311306","level":"info","event":"Extraindo-conversoes in run state: {'life_cycle_state': 'QUEUED', 'result_state': '', 'state_message': ''}","logger":"airflow.task.operators.airflow.providers.databricks.operators.databricks.DatabricksRunNowOperator"}
{"timestamp":"2025-10-24T18:43:58.311409","level":"info","event":"View run status, Spark UI, and logs at https://adb-411288146017767.7.azuredatabricks.net/?o=411288146017767#job/54040929043857/run/985552175325099","logger":"airflow.task.operators.airflow.providers.databricks.operators.databricks.DatabricksRunNowOperator"}
{"timestamp":"2025-10-24T18:43:58.311448","level":"info","event":"Sleeping for 30 seconds.","logger":"airflow.task.operators.airflow.providers.databricks.operators.databricks.DatabricksRunNowOperator"}
{"timestamp":"2025-10-24T18:44:28.877966","level":"info","event":"Extraindo-conversoes in run state: {'life_cycle_state': 'QUEUED', 'result_state': '', 'state_message': ''}","logger":"airflow.task.operators.airflow.providers.databricks.operators.databricks.DatabricksRunNowOperator"}
{"timestamp":"2025-10-24T18:44:28.878065","level":"info","event":"View run status, Spark UI, and logs at https://adb-411288146017767.7.azuredatabricks.net/?o=411288146017767#job/54040929043857/run/985552175325099","logger":"airflow.task.operators.airflow.providers.databricks.operators.databricks.DatabricksRunNowOperator"}
{"timestamp":"2025-10-24T18:44:28.878104","level":"info","event":"Sleeping for 30 seconds.","logger":"airflow.task.operators.airflow.providers.databricks.operators.databricks.DatabricksRunNowOperator"}
{"timestamp":"2025-10-24T18:44:59.436777","level":"info","event":"Extraindo-conversoes in run state: {'life_cycle_state': 'QUEUED', 'result_state': '', 'state_message': ''}","logger":"airflow.task.operators.airflow.providers.databricks.operators.databricks.DatabricksRunNowOperator"}
{"timestamp":"2025-10-24T18:44:59.436894","level":"info","event":"View run status, Spark UI, and logs at https://adb-411288146017767.7.azuredatabricks.net/?o=411288146017767#job/54040929043857/run/985552175325099","logger":"airflow.task.operators.airflow.providers.databricks.operators.databricks.DatabricksRunNowOperator"}
{"timestamp":"2025-10-24T18:44:59.436934","level":"info","event":"Sleeping for 30 seconds.","logger":"airflow.task.operators.airflow.providers.databricks.operators.databricks.DatabricksRunNowOperator"}
{"timestamp":"2025-10-24T18:45:30.013918","level":"info","event":"Extraindo-conversoes in run state: {'life_cycle_state': 'QUEUED', 'result_state': '', 'state_message': ''}","logger":"airflow.task.operators.airflow.providers.databricks.operators.databricks.DatabricksRunNowOperator"}
{"timestamp":"2025-10-24T18:45:30.014024","level":"info","event":"View run status, Spark UI, and logs at https://adb-411288146017767.7.azuredatabricks.net/?o=411288146017767#job/54040929043857/run/985552175325099","logger":"airflow.task.operators.airflow.providers.databricks.operators.databricks.DatabricksRunNowOperator"}
{"timestamp":"2025-10-24T18:45:30.014061","level":"info","event":"Sleeping for 30 seconds.","logger":"airflow.task.operators.airflow.providers.databricks.operators.databricks.DatabricksRunNowOperator"}
{"timestamp":"2025-10-24T18:46:00.575873","level":"info","event":"Extraindo-conversoes in run state: {'life_cycle_state': 'QUEUED', 'result_state': '', 'state_message': ''}","logger":"airflow.task.operators.airflow.providers.databricks.operators.databricks.DatabricksRunNowOperator"}
{"timestamp":"2025-10-24T18:46:00.575987","level":"info","event":"View run status, Spark UI, and logs at https://adb-411288146017767.7.azuredatabricks.net/?o=411288146017767#job/54040929043857/run/985552175325099","logger":"airflow.task.operators.airflow.providers.databricks.operators.databricks.DatabricksRunNowOperator"}
{"timestamp":"2025-10-24T18:46:00.576024","level":"info","event":"Sleeping for 30 seconds.","logger":"airflow.task.operators.airflow.providers.databricks.operators.databricks.DatabricksRunNowOperator"}
{"timestamp":"2025-10-24T18:46:31.137649","level":"info","event":"Extraindo-conversoes in run state: {'life_cycle_state': 'QUEUED', 'result_state': '', 'state_message': ''}","logger":"airflow.task.operators.airflow.providers.databricks.operators.databricks.DatabricksRunNowOperator"}
{"timestamp":"2025-10-24T18:46:31.137762","level":"info","event":"View run status, Spark UI, and logs at https://adb-411288146017767.7.azuredatabricks.net/?o=411288146017767#job/54040929043857/run/985552175325099","logger":"airflow.task.operators.airflow.providers.databricks.operators.databricks.DatabricksRunNowOperator"}
{"timestamp":"2025-10-24T18:46:31.137801","level":"info","event":"Sleeping for 30 seconds.","logger":"airflow.task.operators.airflow.providers.databricks.operators.databricks.DatabricksRunNowOperator"}
{"timestamp":"2025-10-24T18:47:01.698251","level":"info","event":"Extraindo-conversoes in run state: {'life_cycle_state': 'QUEUED', 'result_state': '', 'state_message': ''}","logger":"airflow.task.operators.airflow.providers.databricks.operators.databricks.DatabricksRunNowOperator"}
{"timestamp":"2025-10-24T18:47:01.698366","level":"info","event":"View run status, Spark UI, and logs at https://adb-411288146017767.7.azuredatabricks.net/?o=411288146017767#job/54040929043857/run/985552175325099","logger":"airflow.task.operators.airflow.providers.databricks.operators.databricks.DatabricksRunNowOperator"}
{"timestamp":"2025-10-24T18:47:01.698405","level":"info","event":"Sleeping for 30 seconds.","logger":"airflow.task.operators.airflow.providers.databricks.operators.databricks.DatabricksRunNowOperator"}
{"timestamp":"2025-10-24T18:47:32.267477","level":"info","event":"Extraindo-conversoes in run state: {'life_cycle_state': 'QUEUED', 'result_state': '', 'state_message': ''}","logger":"airflow.task.operators.airflow.providers.databricks.operators.databricks.DatabricksRunNowOperator"}
{"timestamp":"2025-10-24T18:47:32.267581","level":"info","event":"View run status, Spark UI, and logs at https://adb-411288146017767.7.azuredatabricks.net/?o=411288146017767#job/54040929043857/run/985552175325099","logger":"airflow.task.operators.airflow.providers.databricks.operators.databricks.DatabricksRunNowOperator"}
{"timestamp":"2025-10-24T18:47:32.267620","level":"info","event":"Sleeping for 30 seconds.","logger":"airflow.task.operators.airflow.providers.databricks.operators.databricks.DatabricksRunNowOperator"}
{"timestamp":"2025-10-24T18:48:02.837486","level":"info","event":"Extraindo-conversoes in run state: {'life_cycle_state': 'QUEUED', 'result_state': '', 'state_message': ''}","logger":"airflow.task.operators.airflow.providers.databricks.operators.databricks.DatabricksRunNowOperator"}
{"timestamp":"2025-10-24T18:48:02.837607","level":"info","event":"View run status, Spark UI, and logs at https://adb-411288146017767.7.azuredatabricks.net/?o=411288146017767#job/54040929043857/run/985552175325099","logger":"airflow.task.operators.airflow.providers.databricks.operators.databricks.DatabricksRunNowOperator"}
{"timestamp":"2025-10-24T18:48:02.837645","level":"info","event":"Sleeping for 30 seconds.","logger":"airflow.task.operators.airflow.providers.databricks.operators.databricks.DatabricksRunNowOperator"}
{"timestamp":"2025-10-24T18:48:33.398009","level":"info","event":"Extraindo-conversoes in run state: {'life_cycle_state': 'QUEUED', 'result_state': '', 'state_message': ''}","logger":"airflow.task.operators.airflow.providers.databricks.operators.databricks.DatabricksRunNowOperator"}
{"timestamp":"2025-10-24T18:48:33.398130","level":"info","event":"View run status, Spark UI, and logs at https://adb-411288146017767.7.azuredatabricks.net/?o=411288146017767#job/54040929043857/run/985552175325099","logger":"airflow.task.operators.airflow.providers.databricks.operators.databricks.DatabricksRunNowOperator"}
{"timestamp":"2025-10-24T18:48:33.398169","level":"info","event":"Sleeping for 30 seconds.","logger":"airflow.task.operators.airflow.providers.databricks.operators.databricks.DatabricksRunNowOperator"}
{"timestamp":"2025-10-24T18:49:03.959625","level":"info","event":"Extraindo-conversoes in run state: {'life_cycle_state': 'QUEUED', 'result_state': '', 'state_message': ''}","logger":"airflow.task.operators.airflow.providers.databricks.operators.databricks.DatabricksRunNowOperator"}
{"timestamp":"2025-10-24T18:49:03.959732","level":"info","event":"View run status, Spark UI, and logs at https://adb-411288146017767.7.azuredatabricks.net/?o=411288146017767#job/54040929043857/run/985552175325099","logger":"airflow.task.operators.airflow.providers.databricks.operators.databricks.DatabricksRunNowOperator"}
{"timestamp":"2025-10-24T18:49:03.959770","level":"info","event":"Sleeping for 30 seconds.","logger":"airflow.task.operators.airflow.providers.databricks.operators.databricks.DatabricksRunNowOperator"}
{"timestamp":"2025-10-24T18:49:34.526430","level":"info","event":"Extraindo-conversoes in run state: {'life_cycle_state': 'QUEUED', 'result_state': '', 'state_message': ''}","logger":"airflow.task.operators.airflow.providers.databricks.operators.databricks.DatabricksRunNowOperator"}
{"timestamp":"2025-10-24T18:49:34.526531","level":"info","event":"View run status, Spark UI, and logs at https://adb-411288146017767.7.azuredatabricks.net/?o=411288146017767#job/54040929043857/run/985552175325099","logger":"airflow.task.operators.airflow.providers.databricks.operators.databricks.DatabricksRunNowOperator"}
{"timestamp":"2025-10-24T18:49:34.526568","level":"info","event":"Sleeping for 30 seconds.","logger":"airflow.task.operators.airflow.providers.databricks.operators.databricks.DatabricksRunNowOperator"}
{"timestamp":"2025-10-24T18:50:05.085587","level":"info","event":"Extraindo-conversoes in run state: {'life_cycle_state': 'QUEUED', 'result_state': '', 'state_message': ''}","logger":"airflow.task.operators.airflow.providers.databricks.operators.databricks.DatabricksRunNowOperator"}
{"timestamp":"2025-10-24T18:50:05.085685","level":"info","event":"View run status, Spark UI, and logs at https://adb-411288146017767.7.azuredatabricks.net/?o=411288146017767#job/54040929043857/run/985552175325099","logger":"airflow.task.operators.airflow.providers.databricks.operators.databricks.DatabricksRunNowOperator"}
{"timestamp":"2025-10-24T18:50:05.085724","level":"info","event":"Sleeping for 30 seconds.","logger":"airflow.task.operators.airflow.providers.databricks.operators.databricks.DatabricksRunNowOperator"}
{"timestamp":"2025-10-24T18:50:35.645608","level":"info","event":"Extraindo-conversoes in run state: {'life_cycle_state': 'QUEUED', 'result_state': '', 'state_message': ''}","logger":"airflow.task.operators.airflow.providers.databricks.operators.databricks.DatabricksRunNowOperator"}
{"timestamp":"2025-10-24T18:50:35.645706","level":"info","event":"View run status, Spark UI, and logs at https://adb-411288146017767.7.azuredatabricks.net/?o=411288146017767#job/54040929043857/run/985552175325099","logger":"airflow.task.operators.airflow.providers.databricks.operators.databricks.DatabricksRunNowOperator"}
{"timestamp":"2025-10-24T18:50:35.645741","level":"info","event":"Sleeping for 30 seconds.","logger":"airflow.task.operators.airflow.providers.databricks.operators.databricks.DatabricksRunNowOperator"}
{"timestamp":"2025-10-24T18:51:06.206504","level":"info","event":"Extraindo-conversoes in run state: {'life_cycle_state': 'RUNNING', 'result_state': '', 'state_message': ''}","logger":"airflow.task.operators.airflow.providers.databricks.operators.databricks.DatabricksRunNowOperator"}
{"timestamp":"2025-10-24T18:51:06.206606","level":"info","event":"View run status, Spark UI, and logs at https://adb-411288146017767.7.azuredatabricks.net/?o=411288146017767#job/54040929043857/run/985552175325099","logger":"airflow.task.operators.airflow.providers.databricks.operators.databricks.DatabricksRunNowOperator"}
{"timestamp":"2025-10-24T18:51:06.206645","level":"info","event":"Sleeping for 30 seconds.","logger":"airflow.task.operators.airflow.providers.databricks.operators.databricks.DatabricksRunNowOperator"}
{"timestamp":"2025-10-24T18:51:36.769696","level":"info","event":"Extraindo-conversoes completed successfully.","logger":"airflow.task.operators.airflow.providers.databricks.operators.databricks.DatabricksRunNowOperator"}
{"timestamp":"2025-10-24T18:51:36.769798","level":"info","event":"View run status, Spark UI, and logs at https://adb-411288146017767.7.azuredatabricks.net/?o=411288146017767#job/54040929043857/run/985552175325099","logger":"airflow.task.operators.airflow.providers.databricks.operators.databricks.DatabricksRunNowOperator"}
