{"timestamp":"2025-10-24T02:08:42.439044","level":"info","event":"DAG bundles loaded: dags-folder","logger":"airflow.dag_processing.bundles.manager.DagBundlesManager"}
{"timestamp":"2025-10-24T02:08:42.439398","level":"info","event":"Filling up the DagBag from /opt/airflow/dags/databricks_1.py","logger":"airflow.models.dagbag.DagBag"}
{"timestamp":"2025-10-24T02:08:42.465947","level":"warning","event":"/home/airflow/.local/lib/python3.12/site-packages/airflow/models/connection.py:471: DeprecationWarning: Using Connection.get_connection_from_secrets from `airflow.models` is deprecated.Please use `from airflow.sdk import Connection` instead\n  warnings.warn(\n","logger":"py.warnings"}
{"timestamp":"2025-10-24T02:08:42.470345","level":"info","event":"Connection Retrieved 'databricks_default'","logger":"airflow.hooks.base"}
{"timestamp":"2025-10-24T02:08:43.252268","level":"info","event":"Run submitted with run_id: 92882426315359","logger":"airflow.task.operators.airflow.providers.databricks.operators.databricks.DatabricksRunNowOperator"}
{"timestamp":"2025-10-24T02:08:44.413310","level":"info","event":"Extraindo-conversoes in run state: {'life_cycle_state': 'QUEUED', 'result_state': '', 'state_message': ''}","logger":"airflow.task.operators.airflow.providers.databricks.operators.databricks.DatabricksRunNowOperator"}
{"timestamp":"2025-10-24T02:08:44.413413","level":"info","event":"View run status, Spark UI, and logs at https://adb-411288146017767.7.azuredatabricks.net/?o=411288146017767#job/54040929043857/run/92882426315359","logger":"airflow.task.operators.airflow.providers.databricks.operators.databricks.DatabricksRunNowOperator"}
{"timestamp":"2025-10-24T02:08:44.413453","level":"info","event":"Sleeping for 30 seconds.","logger":"airflow.task.operators.airflow.providers.databricks.operators.databricks.DatabricksRunNowOperator"}
{"timestamp":"2025-10-24T02:09:15.001794","level":"info","event":"Extraindo-conversoes in run state: {'life_cycle_state': 'QUEUED', 'result_state': '', 'state_message': ''}","logger":"airflow.task.operators.airflow.providers.databricks.operators.databricks.DatabricksRunNowOperator"}
{"timestamp":"2025-10-24T02:09:15.001892","level":"info","event":"View run status, Spark UI, and logs at https://adb-411288146017767.7.azuredatabricks.net/?o=411288146017767#job/54040929043857/run/92882426315359","logger":"airflow.task.operators.airflow.providers.databricks.operators.databricks.DatabricksRunNowOperator"}
{"timestamp":"2025-10-24T02:09:15.001929","level":"info","event":"Sleeping for 30 seconds.","logger":"airflow.task.operators.airflow.providers.databricks.operators.databricks.DatabricksRunNowOperator"}
{"timestamp":"2025-10-24T02:09:45.570635","level":"info","event":"Extraindo-conversoes in run state: {'life_cycle_state': 'QUEUED', 'result_state': '', 'state_message': ''}","logger":"airflow.task.operators.airflow.providers.databricks.operators.databricks.DatabricksRunNowOperator"}
{"timestamp":"2025-10-24T02:09:45.570742","level":"info","event":"View run status, Spark UI, and logs at https://adb-411288146017767.7.azuredatabricks.net/?o=411288146017767#job/54040929043857/run/92882426315359","logger":"airflow.task.operators.airflow.providers.databricks.operators.databricks.DatabricksRunNowOperator"}
{"timestamp":"2025-10-24T02:09:45.570778","level":"info","event":"Sleeping for 30 seconds.","logger":"airflow.task.operators.airflow.providers.databricks.operators.databricks.DatabricksRunNowOperator"}
{"timestamp":"2025-10-24T02:10:16.145962","level":"info","event":"Extraindo-conversoes in run state: {'life_cycle_state': 'QUEUED', 'result_state': '', 'state_message': ''}","logger":"airflow.task.operators.airflow.providers.databricks.operators.databricks.DatabricksRunNowOperator"}
{"timestamp":"2025-10-24T02:10:16.146076","level":"info","event":"View run status, Spark UI, and logs at https://adb-411288146017767.7.azuredatabricks.net/?o=411288146017767#job/54040929043857/run/92882426315359","logger":"airflow.task.operators.airflow.providers.databricks.operators.databricks.DatabricksRunNowOperator"}
{"timestamp":"2025-10-24T02:10:16.146114","level":"info","event":"Sleeping for 30 seconds.","logger":"airflow.task.operators.airflow.providers.databricks.operators.databricks.DatabricksRunNowOperator"}
{"timestamp":"2025-10-24T02:10:46.717800","level":"info","event":"Extraindo-conversoes in run state: {'life_cycle_state': 'QUEUED', 'result_state': '', 'state_message': ''}","logger":"airflow.task.operators.airflow.providers.databricks.operators.databricks.DatabricksRunNowOperator"}
{"timestamp":"2025-10-24T02:10:46.717966","level":"info","event":"View run status, Spark UI, and logs at https://adb-411288146017767.7.azuredatabricks.net/?o=411288146017767#job/54040929043857/run/92882426315359","logger":"airflow.task.operators.airflow.providers.databricks.operators.databricks.DatabricksRunNowOperator"}
{"timestamp":"2025-10-24T02:10:46.718035","level":"info","event":"Sleeping for 30 seconds.","logger":"airflow.task.operators.airflow.providers.databricks.operators.databricks.DatabricksRunNowOperator"}
{"timestamp":"2025-10-24T02:11:17.299827","level":"info","event":"Extraindo-conversoes in run state: {'life_cycle_state': 'QUEUED', 'result_state': '', 'state_message': ''}","logger":"airflow.task.operators.airflow.providers.databricks.operators.databricks.DatabricksRunNowOperator"}
{"timestamp":"2025-10-24T02:11:17.299934","level":"info","event":"View run status, Spark UI, and logs at https://adb-411288146017767.7.azuredatabricks.net/?o=411288146017767#job/54040929043857/run/92882426315359","logger":"airflow.task.operators.airflow.providers.databricks.operators.databricks.DatabricksRunNowOperator"}
{"timestamp":"2025-10-24T02:11:17.299975","level":"info","event":"Sleeping for 30 seconds.","logger":"airflow.task.operators.airflow.providers.databricks.operators.databricks.DatabricksRunNowOperator"}
{"timestamp":"2025-10-24T02:11:47.875658","level":"info","event":"Extraindo-conversoes in run state: {'life_cycle_state': 'QUEUED', 'result_state': '', 'state_message': ''}","logger":"airflow.task.operators.airflow.providers.databricks.operators.databricks.DatabricksRunNowOperator"}
{"timestamp":"2025-10-24T02:11:47.875753","level":"info","event":"View run status, Spark UI, and logs at https://adb-411288146017767.7.azuredatabricks.net/?o=411288146017767#job/54040929043857/run/92882426315359","logger":"airflow.task.operators.airflow.providers.databricks.operators.databricks.DatabricksRunNowOperator"}
{"timestamp":"2025-10-24T02:11:47.875790","level":"info","event":"Sleeping for 30 seconds.","logger":"airflow.task.operators.airflow.providers.databricks.operators.databricks.DatabricksRunNowOperator"}
{"timestamp":"2025-10-24T02:12:18.447932","level":"info","event":"Extraindo-conversoes in run state: {'life_cycle_state': 'QUEUED', 'result_state': '', 'state_message': ''}","logger":"airflow.task.operators.airflow.providers.databricks.operators.databricks.DatabricksRunNowOperator"}
{"timestamp":"2025-10-24T02:12:18.448061","level":"info","event":"View run status, Spark UI, and logs at https://adb-411288146017767.7.azuredatabricks.net/?o=411288146017767#job/54040929043857/run/92882426315359","logger":"airflow.task.operators.airflow.providers.databricks.operators.databricks.DatabricksRunNowOperator"}
{"timestamp":"2025-10-24T02:12:18.448111","level":"info","event":"Sleeping for 30 seconds.","logger":"airflow.task.operators.airflow.providers.databricks.operators.databricks.DatabricksRunNowOperator"}
{"timestamp":"2025-10-24T02:12:49.029044","level":"info","event":"Extraindo-conversoes in run state: {'life_cycle_state': 'QUEUED', 'result_state': '', 'state_message': ''}","logger":"airflow.task.operators.airflow.providers.databricks.operators.databricks.DatabricksRunNowOperator"}
{"timestamp":"2025-10-24T02:12:49.029179","level":"info","event":"View run status, Spark UI, and logs at https://adb-411288146017767.7.azuredatabricks.net/?o=411288146017767#job/54040929043857/run/92882426315359","logger":"airflow.task.operators.airflow.providers.databricks.operators.databricks.DatabricksRunNowOperator"}
{"timestamp":"2025-10-24T02:12:49.029216","level":"info","event":"Sleeping for 30 seconds.","logger":"airflow.task.operators.airflow.providers.databricks.operators.databricks.DatabricksRunNowOperator"}
{"timestamp":"2025-10-24T02:13:19.600564","level":"info","event":"Extraindo-conversoes in run state: {'life_cycle_state': 'QUEUED', 'result_state': '', 'state_message': ''}","logger":"airflow.task.operators.airflow.providers.databricks.operators.databricks.DatabricksRunNowOperator"}
{"timestamp":"2025-10-24T02:13:19.600687","level":"info","event":"View run status, Spark UI, and logs at https://adb-411288146017767.7.azuredatabricks.net/?o=411288146017767#job/54040929043857/run/92882426315359","logger":"airflow.task.operators.airflow.providers.databricks.operators.databricks.DatabricksRunNowOperator"}
{"timestamp":"2025-10-24T02:13:19.600735","level":"info","event":"Sleeping for 30 seconds.","logger":"airflow.task.operators.airflow.providers.databricks.operators.databricks.DatabricksRunNowOperator"}
{"timestamp":"2025-10-24T02:13:50.191728","level":"info","event":"Extraindo-conversoes in run state: {'life_cycle_state': 'QUEUED', 'result_state': '', 'state_message': ''}","logger":"airflow.task.operators.airflow.providers.databricks.operators.databricks.DatabricksRunNowOperator"}
{"timestamp":"2025-10-24T02:13:50.191825","level":"info","event":"View run status, Spark UI, and logs at https://adb-411288146017767.7.azuredatabricks.net/?o=411288146017767#job/54040929043857/run/92882426315359","logger":"airflow.task.operators.airflow.providers.databricks.operators.databricks.DatabricksRunNowOperator"}
{"timestamp":"2025-10-24T02:13:50.191864","level":"info","event":"Sleeping for 30 seconds.","logger":"airflow.task.operators.airflow.providers.databricks.operators.databricks.DatabricksRunNowOperator"}
{"timestamp":"2025-10-24T02:14:20.774407","level":"info","event":"Extraindo-conversoes in run state: {'life_cycle_state': 'QUEUED', 'result_state': '', 'state_message': ''}","logger":"airflow.task.operators.airflow.providers.databricks.operators.databricks.DatabricksRunNowOperator"}
{"timestamp":"2025-10-24T02:14:20.774586","level":"info","event":"View run status, Spark UI, and logs at https://adb-411288146017767.7.azuredatabricks.net/?o=411288146017767#job/54040929043857/run/92882426315359","logger":"airflow.task.operators.airflow.providers.databricks.operators.databricks.DatabricksRunNowOperator"}
{"timestamp":"2025-10-24T02:14:20.774657","level":"info","event":"Sleeping for 30 seconds.","logger":"airflow.task.operators.airflow.providers.databricks.operators.databricks.DatabricksRunNowOperator"}
{"timestamp":"2025-10-24T02:14:51.342647","level":"info","event":"Extraindo-conversoes in run state: {'life_cycle_state': 'QUEUED', 'result_state': '', 'state_message': ''}","logger":"airflow.task.operators.airflow.providers.databricks.operators.databricks.DatabricksRunNowOperator"}
{"timestamp":"2025-10-24T02:14:51.342747","level":"info","event":"View run status, Spark UI, and logs at https://adb-411288146017767.7.azuredatabricks.net/?o=411288146017767#job/54040929043857/run/92882426315359","logger":"airflow.task.operators.airflow.providers.databricks.operators.databricks.DatabricksRunNowOperator"}
{"timestamp":"2025-10-24T02:14:51.342785","level":"info","event":"Sleeping for 30 seconds.","logger":"airflow.task.operators.airflow.providers.databricks.operators.databricks.DatabricksRunNowOperator"}
{"timestamp":"2025-10-24T02:15:21.930248","level":"info","event":"Extraindo-conversoes in run state: {'life_cycle_state': 'QUEUED', 'result_state': '', 'state_message': ''}","logger":"airflow.task.operators.airflow.providers.databricks.operators.databricks.DatabricksRunNowOperator"}
{"timestamp":"2025-10-24T02:15:21.930388","level":"info","event":"View run status, Spark UI, and logs at https://adb-411288146017767.7.azuredatabricks.net/?o=411288146017767#job/54040929043857/run/92882426315359","logger":"airflow.task.operators.airflow.providers.databricks.operators.databricks.DatabricksRunNowOperator"}
{"timestamp":"2025-10-24T02:15:21.930431","level":"info","event":"Sleeping for 30 seconds.","logger":"airflow.task.operators.airflow.providers.databricks.operators.databricks.DatabricksRunNowOperator"}
{"timestamp":"2025-10-24T02:15:52.506628","level":"info","event":"Extraindo-conversoes in run state: {'life_cycle_state': 'QUEUED', 'result_state': '', 'state_message': ''}","logger":"airflow.task.operators.airflow.providers.databricks.operators.databricks.DatabricksRunNowOperator"}
{"timestamp":"2025-10-24T02:15:52.506736","level":"info","event":"View run status, Spark UI, and logs at https://adb-411288146017767.7.azuredatabricks.net/?o=411288146017767#job/54040929043857/run/92882426315359","logger":"airflow.task.operators.airflow.providers.databricks.operators.databricks.DatabricksRunNowOperator"}
{"timestamp":"2025-10-24T02:15:52.506777","level":"info","event":"Sleeping for 30 seconds.","logger":"airflow.task.operators.airflow.providers.databricks.operators.databricks.DatabricksRunNowOperator"}
{"timestamp":"2025-10-24T02:16:23.082462","level":"info","event":"Extraindo-conversoes in run state: {'life_cycle_state': 'QUEUED', 'result_state': '', 'state_message': ''}","logger":"airflow.task.operators.airflow.providers.databricks.operators.databricks.DatabricksRunNowOperator"}
{"timestamp":"2025-10-24T02:16:23.082584","level":"info","event":"View run status, Spark UI, and logs at https://adb-411288146017767.7.azuredatabricks.net/?o=411288146017767#job/54040929043857/run/92882426315359","logger":"airflow.task.operators.airflow.providers.databricks.operators.databricks.DatabricksRunNowOperator"}
{"timestamp":"2025-10-24T02:16:23.082634","level":"info","event":"Sleeping for 30 seconds.","logger":"airflow.task.operators.airflow.providers.databricks.operators.databricks.DatabricksRunNowOperator"}
{"timestamp":"2025-10-24T02:16:53.652324","level":"info","event":"Extraindo-conversoes in run state: {'life_cycle_state': 'QUEUED', 'result_state': '', 'state_message': ''}","logger":"airflow.task.operators.airflow.providers.databricks.operators.databricks.DatabricksRunNowOperator"}
{"timestamp":"2025-10-24T02:16:53.652436","level":"info","event":"View run status, Spark UI, and logs at https://adb-411288146017767.7.azuredatabricks.net/?o=411288146017767#job/54040929043857/run/92882426315359","logger":"airflow.task.operators.airflow.providers.databricks.operators.databricks.DatabricksRunNowOperator"}
{"timestamp":"2025-10-24T02:16:53.652475","level":"info","event":"Sleeping for 30 seconds.","logger":"airflow.task.operators.airflow.providers.databricks.operators.databricks.DatabricksRunNowOperator"}
{"timestamp":"2025-10-24T02:17:24.224787","level":"info","event":"Extraindo-conversoes in run state: {'life_cycle_state': 'QUEUED', 'result_state': '', 'state_message': ''}","logger":"airflow.task.operators.airflow.providers.databricks.operators.databricks.DatabricksRunNowOperator"}
{"timestamp":"2025-10-24T02:17:24.224886","level":"info","event":"View run status, Spark UI, and logs at https://adb-411288146017767.7.azuredatabricks.net/?o=411288146017767#job/54040929043857/run/92882426315359","logger":"airflow.task.operators.airflow.providers.databricks.operators.databricks.DatabricksRunNowOperator"}
{"timestamp":"2025-10-24T02:17:24.224924","level":"info","event":"Sleeping for 30 seconds.","logger":"airflow.task.operators.airflow.providers.databricks.operators.databricks.DatabricksRunNowOperator"}
{"timestamp":"2025-10-24T02:17:54.815098","level":"info","event":"Extraindo-conversoes in run state: {'life_cycle_state': 'QUEUED', 'result_state': '', 'state_message': ''}","logger":"airflow.task.operators.airflow.providers.databricks.operators.databricks.DatabricksRunNowOperator"}
{"timestamp":"2025-10-24T02:17:54.815195","level":"info","event":"View run status, Spark UI, and logs at https://adb-411288146017767.7.azuredatabricks.net/?o=411288146017767#job/54040929043857/run/92882426315359","logger":"airflow.task.operators.airflow.providers.databricks.operators.databricks.DatabricksRunNowOperator"}
{"timestamp":"2025-10-24T02:17:54.815231","level":"info","event":"Sleeping for 30 seconds.","logger":"airflow.task.operators.airflow.providers.databricks.operators.databricks.DatabricksRunNowOperator"}
{"timestamp":"2025-10-24T02:18:25.385811","level":"info","event":"Extraindo-conversoes in run state: {'life_cycle_state': 'QUEUED', 'result_state': '', 'state_message': ''}","logger":"airflow.task.operators.airflow.providers.databricks.operators.databricks.DatabricksRunNowOperator"}
{"timestamp":"2025-10-24T02:18:25.385910","level":"info","event":"View run status, Spark UI, and logs at https://adb-411288146017767.7.azuredatabricks.net/?o=411288146017767#job/54040929043857/run/92882426315359","logger":"airflow.task.operators.airflow.providers.databricks.operators.databricks.DatabricksRunNowOperator"}
{"timestamp":"2025-10-24T02:18:25.385946","level":"info","event":"Sleeping for 30 seconds.","logger":"airflow.task.operators.airflow.providers.databricks.operators.databricks.DatabricksRunNowOperator"}
{"timestamp":"2025-10-24T02:18:55.983937","level":"info","event":"Extraindo-conversoes in run state: {'life_cycle_state': 'QUEUED', 'result_state': '', 'state_message': ''}","logger":"airflow.task.operators.airflow.providers.databricks.operators.databricks.DatabricksRunNowOperator"}
{"timestamp":"2025-10-24T02:18:55.984041","level":"info","event":"View run status, Spark UI, and logs at https://adb-411288146017767.7.azuredatabricks.net/?o=411288146017767#job/54040929043857/run/92882426315359","logger":"airflow.task.operators.airflow.providers.databricks.operators.databricks.DatabricksRunNowOperator"}
{"timestamp":"2025-10-24T02:18:55.984078","level":"info","event":"Sleeping for 30 seconds.","logger":"airflow.task.operators.airflow.providers.databricks.operators.databricks.DatabricksRunNowOperator"}
{"timestamp":"2025-10-24T02:19:26.559493","level":"info","event":"Extraindo-conversoes in run state: {'life_cycle_state': 'QUEUED', 'result_state': '', 'state_message': ''}","logger":"airflow.task.operators.airflow.providers.databricks.operators.databricks.DatabricksRunNowOperator"}
{"timestamp":"2025-10-24T02:19:26.559600","level":"info","event":"View run status, Spark UI, and logs at https://adb-411288146017767.7.azuredatabricks.net/?o=411288146017767#job/54040929043857/run/92882426315359","logger":"airflow.task.operators.airflow.providers.databricks.operators.databricks.DatabricksRunNowOperator"}
{"timestamp":"2025-10-24T02:19:26.559636","level":"info","event":"Sleeping for 30 seconds.","logger":"airflow.task.operators.airflow.providers.databricks.operators.databricks.DatabricksRunNowOperator"}
{"timestamp":"2025-10-24T02:19:57.157599","level":"info","event":"Extraindo-conversoes in run state: {'life_cycle_state': 'QUEUED', 'result_state': '', 'state_message': ''}","logger":"airflow.task.operators.airflow.providers.databricks.operators.databricks.DatabricksRunNowOperator"}
{"timestamp":"2025-10-24T02:19:57.157753","level":"info","event":"View run status, Spark UI, and logs at https://adb-411288146017767.7.azuredatabricks.net/?o=411288146017767#job/54040929043857/run/92882426315359","logger":"airflow.task.operators.airflow.providers.databricks.operators.databricks.DatabricksRunNowOperator"}
{"timestamp":"2025-10-24T02:19:57.157812","level":"info","event":"Sleeping for 30 seconds.","logger":"airflow.task.operators.airflow.providers.databricks.operators.databricks.DatabricksRunNowOperator"}
{"timestamp":"2025-10-24T02:20:27.742835","level":"info","event":"Extraindo-conversoes in run state: {'life_cycle_state': 'RUNNING', 'result_state': '', 'state_message': ''}","logger":"airflow.task.operators.airflow.providers.databricks.operators.databricks.DatabricksRunNowOperator"}
{"timestamp":"2025-10-24T02:20:27.742935","level":"info","event":"View run status, Spark UI, and logs at https://adb-411288146017767.7.azuredatabricks.net/?o=411288146017767#job/54040929043857/run/92882426315359","logger":"airflow.task.operators.airflow.providers.databricks.operators.databricks.DatabricksRunNowOperator"}
{"timestamp":"2025-10-24T02:20:27.742971","level":"info","event":"Sleeping for 30 seconds.","logger":"airflow.task.operators.airflow.providers.databricks.operators.databricks.DatabricksRunNowOperator"}
{"timestamp":"2025-10-24T02:20:58.320749","level":"info","event":"Extraindo-conversoes completed successfully.","logger":"airflow.task.operators.airflow.providers.databricks.operators.databricks.DatabricksRunNowOperator"}
{"timestamp":"2025-10-24T02:20:58.320865","level":"info","event":"View run status, Spark UI, and logs at https://adb-411288146017767.7.azuredatabricks.net/?o=411288146017767#job/54040929043857/run/92882426315359","logger":"airflow.task.operators.airflow.providers.databricks.operators.databricks.DatabricksRunNowOperator"}
