{"timestamp":"2025-10-24T18:33:57.705846","level":"info","event":"DAG bundles loaded: dags-folder","logger":"airflow.dag_processing.bundles.manager.DagBundlesManager"}
{"timestamp":"2025-10-24T18:33:57.706432","level":"info","event":"Filling up the DagBag from /opt/airflow/dags/databricks_1.py","logger":"airflow.models.dagbag.DagBag"}
{"timestamp":"2025-10-24T18:33:57.743455","level":"warning","event":"/home/airflow/.local/lib/python3.12/site-packages/airflow/models/connection.py:471: DeprecationWarning: Using Connection.get_connection_from_secrets from `airflow.models` is deprecated.Please use `from airflow.sdk import Connection` instead\n  warnings.warn(\n","logger":"py.warnings"}
{"timestamp":"2025-10-24T18:33:57.750267","level":"info","event":"Connection Retrieved 'databricks_default'","logger":"airflow.hooks.base"}
{"timestamp":"2025-10-24T18:33:58.470741","level":"info","event":"Run submitted with run_id: 157637421313987","logger":"airflow.task.operators.airflow.providers.databricks.operators.databricks.DatabricksRunNowOperator"}
{"timestamp":"2025-10-24T18:33:59.637925","level":"info","event":"Extraindo-conversoes in run state: {'life_cycle_state': 'QUEUED', 'result_state': '', 'state_message': ''}","logger":"airflow.task.operators.airflow.providers.databricks.operators.databricks.DatabricksRunNowOperator"}
{"timestamp":"2025-10-24T18:33:59.638030","level":"info","event":"View run status, Spark UI, and logs at https://adb-411288146017767.7.azuredatabricks.net/?o=411288146017767#job/54040929043857/run/157637421313987","logger":"airflow.task.operators.airflow.providers.databricks.operators.databricks.DatabricksRunNowOperator"}
{"timestamp":"2025-10-24T18:33:59.638069","level":"info","event":"Sleeping for 30 seconds.","logger":"airflow.task.operators.airflow.providers.databricks.operators.databricks.DatabricksRunNowOperator"}
{"timestamp":"2025-10-24T18:34:30.202273","level":"info","event":"Extraindo-conversoes in run state: {'life_cycle_state': 'QUEUED', 'result_state': '', 'state_message': ''}","logger":"airflow.task.operators.airflow.providers.databricks.operators.databricks.DatabricksRunNowOperator"}
{"timestamp":"2025-10-24T18:34:30.202377","level":"info","event":"View run status, Spark UI, and logs at https://adb-411288146017767.7.azuredatabricks.net/?o=411288146017767#job/54040929043857/run/157637421313987","logger":"airflow.task.operators.airflow.providers.databricks.operators.databricks.DatabricksRunNowOperator"}
{"timestamp":"2025-10-24T18:34:30.202420","level":"info","event":"Sleeping for 30 seconds.","logger":"airflow.task.operators.airflow.providers.databricks.operators.databricks.DatabricksRunNowOperator"}
{"timestamp":"2025-10-24T18:35:00.764091","level":"info","event":"Extraindo-conversoes in run state: {'life_cycle_state': 'QUEUED', 'result_state': '', 'state_message': ''}","logger":"airflow.task.operators.airflow.providers.databricks.operators.databricks.DatabricksRunNowOperator"}
{"timestamp":"2025-10-24T18:35:00.764203","level":"info","event":"View run status, Spark UI, and logs at https://adb-411288146017767.7.azuredatabricks.net/?o=411288146017767#job/54040929043857/run/157637421313987","logger":"airflow.task.operators.airflow.providers.databricks.operators.databricks.DatabricksRunNowOperator"}
{"timestamp":"2025-10-24T18:35:00.764241","level":"info","event":"Sleeping for 30 seconds.","logger":"airflow.task.operators.airflow.providers.databricks.operators.databricks.DatabricksRunNowOperator"}
{"timestamp":"2025-10-24T18:35:31.325465","level":"info","event":"Extraindo-conversoes in run state: {'life_cycle_state': 'QUEUED', 'result_state': '', 'state_message': ''}","logger":"airflow.task.operators.airflow.providers.databricks.operators.databricks.DatabricksRunNowOperator"}
{"timestamp":"2025-10-24T18:35:31.325571","level":"info","event":"View run status, Spark UI, and logs at https://adb-411288146017767.7.azuredatabricks.net/?o=411288146017767#job/54040929043857/run/157637421313987","logger":"airflow.task.operators.airflow.providers.databricks.operators.databricks.DatabricksRunNowOperator"}
{"timestamp":"2025-10-24T18:35:31.325609","level":"info","event":"Sleeping for 30 seconds.","logger":"airflow.task.operators.airflow.providers.databricks.operators.databricks.DatabricksRunNowOperator"}
{"timestamp":"2025-10-24T18:36:01.895975","level":"info","event":"Extraindo-conversoes in run state: {'life_cycle_state': 'QUEUED', 'result_state': '', 'state_message': ''}","logger":"airflow.task.operators.airflow.providers.databricks.operators.databricks.DatabricksRunNowOperator"}
{"timestamp":"2025-10-24T18:36:01.896111","level":"info","event":"View run status, Spark UI, and logs at https://adb-411288146017767.7.azuredatabricks.net/?o=411288146017767#job/54040929043857/run/157637421313987","logger":"airflow.task.operators.airflow.providers.databricks.operators.databricks.DatabricksRunNowOperator"}
{"timestamp":"2025-10-24T18:36:01.896152","level":"info","event":"Sleeping for 30 seconds.","logger":"airflow.task.operators.airflow.providers.databricks.operators.databricks.DatabricksRunNowOperator"}
{"timestamp":"2025-10-24T18:36:32.457693","level":"info","event":"Extraindo-conversoes in run state: {'life_cycle_state': 'QUEUED', 'result_state': '', 'state_message': ''}","logger":"airflow.task.operators.airflow.providers.databricks.operators.databricks.DatabricksRunNowOperator"}
{"timestamp":"2025-10-24T18:36:32.457801","level":"info","event":"View run status, Spark UI, and logs at https://adb-411288146017767.7.azuredatabricks.net/?o=411288146017767#job/54040929043857/run/157637421313987","logger":"airflow.task.operators.airflow.providers.databricks.operators.databricks.DatabricksRunNowOperator"}
{"timestamp":"2025-10-24T18:36:32.457840","level":"info","event":"Sleeping for 30 seconds.","logger":"airflow.task.operators.airflow.providers.databricks.operators.databricks.DatabricksRunNowOperator"}
{"timestamp":"2025-10-24T18:37:03.025574","level":"info","event":"Extraindo-conversoes in run state: {'life_cycle_state': 'QUEUED', 'result_state': '', 'state_message': ''}","logger":"airflow.task.operators.airflow.providers.databricks.operators.databricks.DatabricksRunNowOperator"}
{"timestamp":"2025-10-24T18:37:03.025671","level":"info","event":"View run status, Spark UI, and logs at https://adb-411288146017767.7.azuredatabricks.net/?o=411288146017767#job/54040929043857/run/157637421313987","logger":"airflow.task.operators.airflow.providers.databricks.operators.databricks.DatabricksRunNowOperator"}
{"timestamp":"2025-10-24T18:37:03.025710","level":"info","event":"Sleeping for 30 seconds.","logger":"airflow.task.operators.airflow.providers.databricks.operators.databricks.DatabricksRunNowOperator"}
{"timestamp":"2025-10-24T18:37:33.594405","level":"info","event":"Extraindo-conversoes in run state: {'life_cycle_state': 'QUEUED', 'result_state': '', 'state_message': ''}","logger":"airflow.task.operators.airflow.providers.databricks.operators.databricks.DatabricksRunNowOperator"}
{"timestamp":"2025-10-24T18:37:33.594503","level":"info","event":"View run status, Spark UI, and logs at https://adb-411288146017767.7.azuredatabricks.net/?o=411288146017767#job/54040929043857/run/157637421313987","logger":"airflow.task.operators.airflow.providers.databricks.operators.databricks.DatabricksRunNowOperator"}
{"timestamp":"2025-10-24T18:37:33.594542","level":"info","event":"Sleeping for 30 seconds.","logger":"airflow.task.operators.airflow.providers.databricks.operators.databricks.DatabricksRunNowOperator"}
{"timestamp":"2025-10-24T18:38:04.289362","level":"info","event":"Extraindo-conversoes in run state: {'life_cycle_state': 'QUEUED', 'result_state': '', 'state_message': ''}","logger":"airflow.task.operators.airflow.providers.databricks.operators.databricks.DatabricksRunNowOperator"}
{"timestamp":"2025-10-24T18:38:04.289466","level":"info","event":"View run status, Spark UI, and logs at https://adb-411288146017767.7.azuredatabricks.net/?o=411288146017767#job/54040929043857/run/157637421313987","logger":"airflow.task.operators.airflow.providers.databricks.operators.databricks.DatabricksRunNowOperator"}
{"timestamp":"2025-10-24T18:38:04.289502","level":"info","event":"Sleeping for 30 seconds.","logger":"airflow.task.operators.airflow.providers.databricks.operators.databricks.DatabricksRunNowOperator"}
{"timestamp":"2025-10-24T18:38:34.860591","level":"info","event":"Extraindo-conversoes in run state: {'life_cycle_state': 'QUEUED', 'result_state': '', 'state_message': ''}","logger":"airflow.task.operators.airflow.providers.databricks.operators.databricks.DatabricksRunNowOperator"}
{"timestamp":"2025-10-24T18:38:34.860686","level":"info","event":"View run status, Spark UI, and logs at https://adb-411288146017767.7.azuredatabricks.net/?o=411288146017767#job/54040929043857/run/157637421313987","logger":"airflow.task.operators.airflow.providers.databricks.operators.databricks.DatabricksRunNowOperator"}
{"timestamp":"2025-10-24T18:38:34.860723","level":"info","event":"Sleeping for 30 seconds.","logger":"airflow.task.operators.airflow.providers.databricks.operators.databricks.DatabricksRunNowOperator"}
{"timestamp":"2025-10-24T18:39:05.583977","level":"info","event":"Extraindo-conversoes in run state: {'life_cycle_state': 'QUEUED', 'result_state': '', 'state_message': ''}","logger":"airflow.task.operators.airflow.providers.databricks.operators.databricks.DatabricksRunNowOperator"}
{"timestamp":"2025-10-24T18:39:05.584089","level":"info","event":"View run status, Spark UI, and logs at https://adb-411288146017767.7.azuredatabricks.net/?o=411288146017767#job/54040929043857/run/157637421313987","logger":"airflow.task.operators.airflow.providers.databricks.operators.databricks.DatabricksRunNowOperator"}
{"timestamp":"2025-10-24T18:39:05.584127","level":"info","event":"Sleeping for 30 seconds.","logger":"airflow.task.operators.airflow.providers.databricks.operators.databricks.DatabricksRunNowOperator"}
{"timestamp":"2025-10-24T18:39:36.149984","level":"info","event":"Extraindo-conversoes in run state: {'life_cycle_state': 'RUNNING', 'result_state': '', 'state_message': ''}","logger":"airflow.task.operators.airflow.providers.databricks.operators.databricks.DatabricksRunNowOperator"}
{"timestamp":"2025-10-24T18:39:36.150080","level":"info","event":"View run status, Spark UI, and logs at https://adb-411288146017767.7.azuredatabricks.net/?o=411288146017767#job/54040929043857/run/157637421313987","logger":"airflow.task.operators.airflow.providers.databricks.operators.databricks.DatabricksRunNowOperator"}
{"timestamp":"2025-10-24T18:39:36.150116","level":"info","event":"Sleeping for 30 seconds.","logger":"airflow.task.operators.airflow.providers.databricks.operators.databricks.DatabricksRunNowOperator"}
{"timestamp":"2025-10-24T18:40:06.855046","level":"info","event":"Extraindo-conversoes completed successfully.","logger":"airflow.task.operators.airflow.providers.databricks.operators.databricks.DatabricksRunNowOperator"}
{"timestamp":"2025-10-24T18:40:06.855138","level":"info","event":"View run status, Spark UI, and logs at https://adb-411288146017767.7.azuredatabricks.net/?o=411288146017767#job/54040929043857/run/157637421313987","logger":"airflow.task.operators.airflow.providers.databricks.operators.databricks.DatabricksRunNowOperator"}
