{"timestamp":"2025-10-24T13:32:42.123545","level":"info","event":"DAG bundles loaded: dags-folder","logger":"airflow.dag_processing.bundles.manager.DagBundlesManager"}
{"timestamp":"2025-10-24T13:32:42.123919","level":"info","event":"Filling up the DagBag from /opt/airflow/dags/databricks_1.py","logger":"airflow.models.dagbag.DagBag"}
{"timestamp":"2025-10-24T13:32:42.160537","level":"warning","event":"/home/airflow/.local/lib/python3.12/site-packages/airflow/models/connection.py:471: DeprecationWarning: Using Connection.get_connection_from_secrets from `airflow.models` is deprecated.Please use `from airflow.sdk import Connection` instead\n  warnings.warn(\n","logger":"py.warnings"}
{"timestamp":"2025-10-24T13:32:42.165437","level":"info","event":"Connection Retrieved 'databricks_default'","logger":"airflow.hooks.base"}
{"timestamp":"2025-10-24T13:32:42.958687","level":"info","event":"Run submitted with run_id: 1035957582947575","logger":"airflow.task.operators.airflow.providers.databricks.operators.databricks.DatabricksRunNowOperator"}
{"timestamp":"2025-10-24T13:32:44.158272","level":"info","event":"Extraindo-conversoes in run state: {'life_cycle_state': 'QUEUED', 'result_state': '', 'state_message': ''}","logger":"airflow.task.operators.airflow.providers.databricks.operators.databricks.DatabricksRunNowOperator"}
{"timestamp":"2025-10-24T13:32:44.158455","level":"info","event":"View run status, Spark UI, and logs at https://adb-411288146017767.7.azuredatabricks.net/?o=411288146017767#job/54040929043857/run/1035957582947575","logger":"airflow.task.operators.airflow.providers.databricks.operators.databricks.DatabricksRunNowOperator"}
{"timestamp":"2025-10-24T13:32:44.158526","level":"info","event":"Sleeping for 30 seconds.","logger":"airflow.task.operators.airflow.providers.databricks.operators.databricks.DatabricksRunNowOperator"}
{"timestamp":"2025-10-24T13:33:14.774793","level":"info","event":"Extraindo-conversoes in run state: {'life_cycle_state': 'QUEUED', 'result_state': '', 'state_message': ''}","logger":"airflow.task.operators.airflow.providers.databricks.operators.databricks.DatabricksRunNowOperator"}
{"timestamp":"2025-10-24T13:33:14.774953","level":"info","event":"View run status, Spark UI, and logs at https://adb-411288146017767.7.azuredatabricks.net/?o=411288146017767#job/54040929043857/run/1035957582947575","logger":"airflow.task.operators.airflow.providers.databricks.operators.databricks.DatabricksRunNowOperator"}
{"timestamp":"2025-10-24T13:33:14.775006","level":"info","event":"Sleeping for 30 seconds.","logger":"airflow.task.operators.airflow.providers.databricks.operators.databricks.DatabricksRunNowOperator"}
{"timestamp":"2025-10-24T13:33:45.382866","level":"info","event":"Extraindo-conversoes in run state: {'life_cycle_state': 'QUEUED', 'result_state': '', 'state_message': ''}","logger":"airflow.task.operators.airflow.providers.databricks.operators.databricks.DatabricksRunNowOperator"}
{"timestamp":"2025-10-24T13:33:45.382981","level":"info","event":"View run status, Spark UI, and logs at https://adb-411288146017767.7.azuredatabricks.net/?o=411288146017767#job/54040929043857/run/1035957582947575","logger":"airflow.task.operators.airflow.providers.databricks.operators.databricks.DatabricksRunNowOperator"}
{"timestamp":"2025-10-24T13:33:45.383020","level":"info","event":"Sleeping for 30 seconds.","logger":"airflow.task.operators.airflow.providers.databricks.operators.databricks.DatabricksRunNowOperator"}
{"timestamp":"2025-10-24T13:34:15.990934","level":"info","event":"Extraindo-conversoes in run state: {'life_cycle_state': 'QUEUED', 'result_state': '', 'state_message': ''}","logger":"airflow.task.operators.airflow.providers.databricks.operators.databricks.DatabricksRunNowOperator"}
{"timestamp":"2025-10-24T13:34:15.991048","level":"info","event":"View run status, Spark UI, and logs at https://adb-411288146017767.7.azuredatabricks.net/?o=411288146017767#job/54040929043857/run/1035957582947575","logger":"airflow.task.operators.airflow.providers.databricks.operators.databricks.DatabricksRunNowOperator"}
{"timestamp":"2025-10-24T13:34:15.991093","level":"info","event":"Sleeping for 30 seconds.","logger":"airflow.task.operators.airflow.providers.databricks.operators.databricks.DatabricksRunNowOperator"}
{"timestamp":"2025-10-24T13:34:46.585157","level":"info","event":"Extraindo-conversoes in run state: {'life_cycle_state': 'QUEUED', 'result_state': '', 'state_message': ''}","logger":"airflow.task.operators.airflow.providers.databricks.operators.databricks.DatabricksRunNowOperator"}
{"timestamp":"2025-10-24T13:34:46.585279","level":"info","event":"View run status, Spark UI, and logs at https://adb-411288146017767.7.azuredatabricks.net/?o=411288146017767#job/54040929043857/run/1035957582947575","logger":"airflow.task.operators.airflow.providers.databricks.operators.databricks.DatabricksRunNowOperator"}
{"timestamp":"2025-10-24T13:34:46.585334","level":"info","event":"Sleeping for 30 seconds.","logger":"airflow.task.operators.airflow.providers.databricks.operators.databricks.DatabricksRunNowOperator"}
{"timestamp":"2025-10-24T13:35:17.190619","level":"info","event":"Extraindo-conversoes in run state: {'life_cycle_state': 'QUEUED', 'result_state': '', 'state_message': ''}","logger":"airflow.task.operators.airflow.providers.databricks.operators.databricks.DatabricksRunNowOperator"}
{"timestamp":"2025-10-24T13:35:17.190751","level":"info","event":"View run status, Spark UI, and logs at https://adb-411288146017767.7.azuredatabricks.net/?o=411288146017767#job/54040929043857/run/1035957582947575","logger":"airflow.task.operators.airflow.providers.databricks.operators.databricks.DatabricksRunNowOperator"}
{"timestamp":"2025-10-24T13:35:17.190793","level":"info","event":"Sleeping for 30 seconds.","logger":"airflow.task.operators.airflow.providers.databricks.operators.databricks.DatabricksRunNowOperator"}
{"timestamp":"2025-10-24T13:35:47.787944","level":"info","event":"Extraindo-conversoes in run state: {'life_cycle_state': 'QUEUED', 'result_state': '', 'state_message': ''}","logger":"airflow.task.operators.airflow.providers.databricks.operators.databricks.DatabricksRunNowOperator"}
{"timestamp":"2025-10-24T13:35:47.788043","level":"info","event":"View run status, Spark UI, and logs at https://adb-411288146017767.7.azuredatabricks.net/?o=411288146017767#job/54040929043857/run/1035957582947575","logger":"airflow.task.operators.airflow.providers.databricks.operators.databricks.DatabricksRunNowOperator"}
{"timestamp":"2025-10-24T13:35:47.788081","level":"info","event":"Sleeping for 30 seconds.","logger":"airflow.task.operators.airflow.providers.databricks.operators.databricks.DatabricksRunNowOperator"}
{"timestamp":"2025-10-24T13:36:18.391213","level":"info","event":"Extraindo-conversoes in run state: {'life_cycle_state': 'QUEUED', 'result_state': '', 'state_message': ''}","logger":"airflow.task.operators.airflow.providers.databricks.operators.databricks.DatabricksRunNowOperator"}
{"timestamp":"2025-10-24T13:36:18.391307","level":"info","event":"View run status, Spark UI, and logs at https://adb-411288146017767.7.azuredatabricks.net/?o=411288146017767#job/54040929043857/run/1035957582947575","logger":"airflow.task.operators.airflow.providers.databricks.operators.databricks.DatabricksRunNowOperator"}
{"timestamp":"2025-10-24T13:36:18.391343","level":"info","event":"Sleeping for 30 seconds.","logger":"airflow.task.operators.airflow.providers.databricks.operators.databricks.DatabricksRunNowOperator"}
{"timestamp":"2025-10-24T13:36:49.000742","level":"info","event":"Extraindo-conversoes in run state: {'life_cycle_state': 'QUEUED', 'result_state': '', 'state_message': ''}","logger":"airflow.task.operators.airflow.providers.databricks.operators.databricks.DatabricksRunNowOperator"}
{"timestamp":"2025-10-24T13:36:49.000939","level":"info","event":"View run status, Spark UI, and logs at https://adb-411288146017767.7.azuredatabricks.net/?o=411288146017767#job/54040929043857/run/1035957582947575","logger":"airflow.task.operators.airflow.providers.databricks.operators.databricks.DatabricksRunNowOperator"}
{"timestamp":"2025-10-24T13:36:49.001050","level":"info","event":"Sleeping for 30 seconds.","logger":"airflow.task.operators.airflow.providers.databricks.operators.databricks.DatabricksRunNowOperator"}
{"timestamp":"2025-10-24T13:37:19.601768","level":"info","event":"Extraindo-conversoes in run state: {'life_cycle_state': 'QUEUED', 'result_state': '', 'state_message': ''}","logger":"airflow.task.operators.airflow.providers.databricks.operators.databricks.DatabricksRunNowOperator"}
{"timestamp":"2025-10-24T13:37:19.601878","level":"info","event":"View run status, Spark UI, and logs at https://adb-411288146017767.7.azuredatabricks.net/?o=411288146017767#job/54040929043857/run/1035957582947575","logger":"airflow.task.operators.airflow.providers.databricks.operators.databricks.DatabricksRunNowOperator"}
{"timestamp":"2025-10-24T13:37:19.601917","level":"info","event":"Sleeping for 30 seconds.","logger":"airflow.task.operators.airflow.providers.databricks.operators.databricks.DatabricksRunNowOperator"}
{"timestamp":"2025-10-24T13:37:50.190319","level":"info","event":"Extraindo-conversoes in run state: {'life_cycle_state': 'QUEUED', 'result_state': '', 'state_message': ''}","logger":"airflow.task.operators.airflow.providers.databricks.operators.databricks.DatabricksRunNowOperator"}
{"timestamp":"2025-10-24T13:37:50.190423","level":"info","event":"View run status, Spark UI, and logs at https://adb-411288146017767.7.azuredatabricks.net/?o=411288146017767#job/54040929043857/run/1035957582947575","logger":"airflow.task.operators.airflow.providers.databricks.operators.databricks.DatabricksRunNowOperator"}
{"timestamp":"2025-10-24T13:37:50.190460","level":"info","event":"Sleeping for 30 seconds.","logger":"airflow.task.operators.airflow.providers.databricks.operators.databricks.DatabricksRunNowOperator"}
{"timestamp":"2025-10-24T13:38:20.774162","level":"info","event":"Extraindo-conversoes in run state: {'life_cycle_state': 'QUEUED', 'result_state': '', 'state_message': ''}","logger":"airflow.task.operators.airflow.providers.databricks.operators.databricks.DatabricksRunNowOperator"}
{"timestamp":"2025-10-24T13:38:20.774263","level":"info","event":"View run status, Spark UI, and logs at https://adb-411288146017767.7.azuredatabricks.net/?o=411288146017767#job/54040929043857/run/1035957582947575","logger":"airflow.task.operators.airflow.providers.databricks.operators.databricks.DatabricksRunNowOperator"}
{"timestamp":"2025-10-24T13:38:20.774300","level":"info","event":"Sleeping for 30 seconds.","logger":"airflow.task.operators.airflow.providers.databricks.operators.databricks.DatabricksRunNowOperator"}
{"timestamp":"2025-10-24T13:38:51.366406","level":"info","event":"Extraindo-conversoes in run state: {'life_cycle_state': 'QUEUED', 'result_state': '', 'state_message': ''}","logger":"airflow.task.operators.airflow.providers.databricks.operators.databricks.DatabricksRunNowOperator"}
{"timestamp":"2025-10-24T13:38:51.366518","level":"info","event":"View run status, Spark UI, and logs at https://adb-411288146017767.7.azuredatabricks.net/?o=411288146017767#job/54040929043857/run/1035957582947575","logger":"airflow.task.operators.airflow.providers.databricks.operators.databricks.DatabricksRunNowOperator"}
{"timestamp":"2025-10-24T13:38:51.366561","level":"info","event":"Sleeping for 30 seconds.","logger":"airflow.task.operators.airflow.providers.databricks.operators.databricks.DatabricksRunNowOperator"}
{"timestamp":"2025-10-24T13:39:21.967112","level":"info","event":"Extraindo-conversoes in run state: {'life_cycle_state': 'QUEUED', 'result_state': '', 'state_message': ''}","logger":"airflow.task.operators.airflow.providers.databricks.operators.databricks.DatabricksRunNowOperator"}
{"timestamp":"2025-10-24T13:39:21.967481","level":"info","event":"View run status, Spark UI, and logs at https://adb-411288146017767.7.azuredatabricks.net/?o=411288146017767#job/54040929043857/run/1035957582947575","logger":"airflow.task.operators.airflow.providers.databricks.operators.databricks.DatabricksRunNowOperator"}
{"timestamp":"2025-10-24T13:39:21.967590","level":"info","event":"Sleeping for 30 seconds.","logger":"airflow.task.operators.airflow.providers.databricks.operators.databricks.DatabricksRunNowOperator"}
{"timestamp":"2025-10-24T13:39:52.567401","level":"info","event":"Extraindo-conversoes in run state: {'life_cycle_state': 'QUEUED', 'result_state': '', 'state_message': ''}","logger":"airflow.task.operators.airflow.providers.databricks.operators.databricks.DatabricksRunNowOperator"}
{"timestamp":"2025-10-24T13:39:52.567506","level":"info","event":"View run status, Spark UI, and logs at https://adb-411288146017767.7.azuredatabricks.net/?o=411288146017767#job/54040929043857/run/1035957582947575","logger":"airflow.task.operators.airflow.providers.databricks.operators.databricks.DatabricksRunNowOperator"}
{"timestamp":"2025-10-24T13:39:52.567542","level":"info","event":"Sleeping for 30 seconds.","logger":"airflow.task.operators.airflow.providers.databricks.operators.databricks.DatabricksRunNowOperator"}
{"timestamp":"2025-10-24T13:40:23.181136","level":"info","event":"Extraindo-conversoes in run state: {'life_cycle_state': 'QUEUED', 'result_state': '', 'state_message': ''}","logger":"airflow.task.operators.airflow.providers.databricks.operators.databricks.DatabricksRunNowOperator"}
{"timestamp":"2025-10-24T13:40:23.181236","level":"info","event":"View run status, Spark UI, and logs at https://adb-411288146017767.7.azuredatabricks.net/?o=411288146017767#job/54040929043857/run/1035957582947575","logger":"airflow.task.operators.airflow.providers.databricks.operators.databricks.DatabricksRunNowOperator"}
{"timestamp":"2025-10-24T13:40:23.181275","level":"info","event":"Sleeping for 30 seconds.","logger":"airflow.task.operators.airflow.providers.databricks.operators.databricks.DatabricksRunNowOperator"}
{"timestamp":"2025-10-24T13:40:53.757638","level":"info","event":"Extraindo-conversoes in run state: {'life_cycle_state': 'QUEUED', 'result_state': '', 'state_message': ''}","logger":"airflow.task.operators.airflow.providers.databricks.operators.databricks.DatabricksRunNowOperator"}
{"timestamp":"2025-10-24T13:40:53.757762","level":"info","event":"View run status, Spark UI, and logs at https://adb-411288146017767.7.azuredatabricks.net/?o=411288146017767#job/54040929043857/run/1035957582947575","logger":"airflow.task.operators.airflow.providers.databricks.operators.databricks.DatabricksRunNowOperator"}
{"timestamp":"2025-10-24T13:40:53.757801","level":"info","event":"Sleeping for 30 seconds.","logger":"airflow.task.operators.airflow.providers.databricks.operators.databricks.DatabricksRunNowOperator"}
{"timestamp":"2025-10-24T13:41:24.351537","level":"info","event":"Extraindo-conversoes in run state: {'life_cycle_state': 'QUEUED', 'result_state': '', 'state_message': ''}","logger":"airflow.task.operators.airflow.providers.databricks.operators.databricks.DatabricksRunNowOperator"}
{"timestamp":"2025-10-24T13:41:24.351674","level":"info","event":"View run status, Spark UI, and logs at https://adb-411288146017767.7.azuredatabricks.net/?o=411288146017767#job/54040929043857/run/1035957582947575","logger":"airflow.task.operators.airflow.providers.databricks.operators.databricks.DatabricksRunNowOperator"}
{"timestamp":"2025-10-24T13:41:24.351711","level":"info","event":"Sleeping for 30 seconds.","logger":"airflow.task.operators.airflow.providers.databricks.operators.databricks.DatabricksRunNowOperator"}
{"timestamp":"2025-10-24T13:41:54.962899","level":"info","event":"Extraindo-conversoes in run state: {'life_cycle_state': 'QUEUED', 'result_state': '', 'state_message': ''}","logger":"airflow.task.operators.airflow.providers.databricks.operators.databricks.DatabricksRunNowOperator"}
{"timestamp":"2025-10-24T13:41:54.962996","level":"info","event":"View run status, Spark UI, and logs at https://adb-411288146017767.7.azuredatabricks.net/?o=411288146017767#job/54040929043857/run/1035957582947575","logger":"airflow.task.operators.airflow.providers.databricks.operators.databricks.DatabricksRunNowOperator"}
{"timestamp":"2025-10-24T13:41:54.963035","level":"info","event":"Sleeping for 30 seconds.","logger":"airflow.task.operators.airflow.providers.databricks.operators.databricks.DatabricksRunNowOperator"}
{"timestamp":"2025-10-24T13:42:25.582871","level":"info","event":"Extraindo-conversoes in run state: {'life_cycle_state': 'QUEUED', 'result_state': '', 'state_message': ''}","logger":"airflow.task.operators.airflow.providers.databricks.operators.databricks.DatabricksRunNowOperator"}
{"timestamp":"2025-10-24T13:42:25.582966","level":"info","event":"View run status, Spark UI, and logs at https://adb-411288146017767.7.azuredatabricks.net/?o=411288146017767#job/54040929043857/run/1035957582947575","logger":"airflow.task.operators.airflow.providers.databricks.operators.databricks.DatabricksRunNowOperator"}
{"timestamp":"2025-10-24T13:42:25.583003","level":"info","event":"Sleeping for 30 seconds.","logger":"airflow.task.operators.airflow.providers.databricks.operators.databricks.DatabricksRunNowOperator"}
{"timestamp":"2025-10-24T13:42:56.181135","level":"info","event":"Extraindo-conversoes in run state: {'life_cycle_state': 'QUEUED', 'result_state': '', 'state_message': ''}","logger":"airflow.task.operators.airflow.providers.databricks.operators.databricks.DatabricksRunNowOperator"}
{"timestamp":"2025-10-24T13:42:56.181267","level":"info","event":"View run status, Spark UI, and logs at https://adb-411288146017767.7.azuredatabricks.net/?o=411288146017767#job/54040929043857/run/1035957582947575","logger":"airflow.task.operators.airflow.providers.databricks.operators.databricks.DatabricksRunNowOperator"}
{"timestamp":"2025-10-24T13:42:56.181304","level":"info","event":"Sleeping for 30 seconds.","logger":"airflow.task.operators.airflow.providers.databricks.operators.databricks.DatabricksRunNowOperator"}
{"timestamp":"2025-10-24T13:43:26.799480","level":"info","event":"Extraindo-conversoes in run state: {'life_cycle_state': 'QUEUED', 'result_state': '', 'state_message': ''}","logger":"airflow.task.operators.airflow.providers.databricks.operators.databricks.DatabricksRunNowOperator"}
{"timestamp":"2025-10-24T13:43:26.799600","level":"info","event":"View run status, Spark UI, and logs at https://adb-411288146017767.7.azuredatabricks.net/?o=411288146017767#job/54040929043857/run/1035957582947575","logger":"airflow.task.operators.airflow.providers.databricks.operators.databricks.DatabricksRunNowOperator"}
{"timestamp":"2025-10-24T13:43:26.799637","level":"info","event":"Sleeping for 30 seconds.","logger":"airflow.task.operators.airflow.providers.databricks.operators.databricks.DatabricksRunNowOperator"}
{"timestamp":"2025-10-24T13:43:57.425767","level":"info","event":"Extraindo-conversoes in run state: {'life_cycle_state': 'QUEUED', 'result_state': '', 'state_message': ''}","logger":"airflow.task.operators.airflow.providers.databricks.operators.databricks.DatabricksRunNowOperator"}
{"timestamp":"2025-10-24T13:43:57.425871","level":"info","event":"View run status, Spark UI, and logs at https://adb-411288146017767.7.azuredatabricks.net/?o=411288146017767#job/54040929043857/run/1035957582947575","logger":"airflow.task.operators.airflow.providers.databricks.operators.databricks.DatabricksRunNowOperator"}
{"timestamp":"2025-10-24T13:43:57.425910","level":"info","event":"Sleeping for 30 seconds.","logger":"airflow.task.operators.airflow.providers.databricks.operators.databricks.DatabricksRunNowOperator"}
{"timestamp":"2025-10-24T13:44:28.025964","level":"info","event":"Extraindo-conversoes in run state: {'life_cycle_state': 'QUEUED', 'result_state': '', 'state_message': ''}","logger":"airflow.task.operators.airflow.providers.databricks.operators.databricks.DatabricksRunNowOperator"}
{"timestamp":"2025-10-24T13:44:28.026087","level":"info","event":"View run status, Spark UI, and logs at https://adb-411288146017767.7.azuredatabricks.net/?o=411288146017767#job/54040929043857/run/1035957582947575","logger":"airflow.task.operators.airflow.providers.databricks.operators.databricks.DatabricksRunNowOperator"}
{"timestamp":"2025-10-24T13:44:28.026139","level":"info","event":"Sleeping for 30 seconds.","logger":"airflow.task.operators.airflow.providers.databricks.operators.databricks.DatabricksRunNowOperator"}
{"timestamp":"2025-10-24T13:44:58.624392","level":"info","event":"Extraindo-conversoes in run state: {'life_cycle_state': 'QUEUED', 'result_state': '', 'state_message': ''}","logger":"airflow.task.operators.airflow.providers.databricks.operators.databricks.DatabricksRunNowOperator"}
{"timestamp":"2025-10-24T13:44:58.624502","level":"info","event":"View run status, Spark UI, and logs at https://adb-411288146017767.7.azuredatabricks.net/?o=411288146017767#job/54040929043857/run/1035957582947575","logger":"airflow.task.operators.airflow.providers.databricks.operators.databricks.DatabricksRunNowOperator"}
{"timestamp":"2025-10-24T13:44:58.624542","level":"info","event":"Sleeping for 30 seconds.","logger":"airflow.task.operators.airflow.providers.databricks.operators.databricks.DatabricksRunNowOperator"}
{"timestamp":"2025-10-24T13:45:29.242824","level":"info","event":"Extraindo-conversoes in run state: {'life_cycle_state': 'RUNNING', 'result_state': '', 'state_message': ''}","logger":"airflow.task.operators.airflow.providers.databricks.operators.databricks.DatabricksRunNowOperator"}
{"timestamp":"2025-10-24T13:45:29.242928","level":"info","event":"View run status, Spark UI, and logs at https://adb-411288146017767.7.azuredatabricks.net/?o=411288146017767#job/54040929043857/run/1035957582947575","logger":"airflow.task.operators.airflow.providers.databricks.operators.databricks.DatabricksRunNowOperator"}
{"timestamp":"2025-10-24T13:45:29.242964","level":"info","event":"Sleeping for 30 seconds.","logger":"airflow.task.operators.airflow.providers.databricks.operators.databricks.DatabricksRunNowOperator"}
{"timestamp":"2025-10-24T13:45:59.840434","level":"info","event":"Extraindo-conversoes in run state: {'life_cycle_state': 'RUNNING', 'result_state': '', 'state_message': ''}","logger":"airflow.task.operators.airflow.providers.databricks.operators.databricks.DatabricksRunNowOperator"}
{"timestamp":"2025-10-24T13:45:59.840555","level":"info","event":"View run status, Spark UI, and logs at https://adb-411288146017767.7.azuredatabricks.net/?o=411288146017767#job/54040929043857/run/1035957582947575","logger":"airflow.task.operators.airflow.providers.databricks.operators.databricks.DatabricksRunNowOperator"}
{"timestamp":"2025-10-24T13:45:59.840596","level":"info","event":"Sleeping for 30 seconds.","logger":"airflow.task.operators.airflow.providers.databricks.operators.databricks.DatabricksRunNowOperator"}
{"timestamp":"2025-10-24T13:46:31.896418","level":"error","event":"Task failed with exception","logger":"task","error_detail":[{"exc_type":"AirflowException","exc_value":"Extraindo-conversoes failed with terminal state: {'life_cycle_state': 'INTERNAL_ERROR', 'result_state': 'FAILED', 'state_message': 'Task EXTRACT_DATA failed with message: Workload failed, see run output for details.'} and with the errors [{'task_key': 'EXTRACT_DATA', 'run_id': 920357774393403, 'error': 'Exception: Not Found'}, {'task_key': 'EXTRACT_DATA', 'run_id': 594628827557485, 'error': 'Exception: Not Found'}]","exc_notes":[],"syntax_error":null,"is_cause":false,"frames":[{"filename":"/home/airflow/.local/lib/python3.12/site-packages/airflow/sdk/execution_time/task_runner.py","lineno":890,"name":"run"},{"filename":"/home/airflow/.local/lib/python3.12/site-packages/airflow/sdk/execution_time/task_runner.py","lineno":1177,"name":"_execute_task"},{"filename":"/home/airflow/.local/lib/python3.12/site-packages/airflow/sdk/bases/operator.py","lineno":397,"name":"wrapper"},{"filename":"/home/airflow/.local/lib/python3.12/site-packages/airflow/providers/databricks/operators/databricks.py","lineno":939,"name":"execute"},{"filename":"/home/airflow/.local/lib/python3.12/site-packages/airflow/providers/databricks/operators/databricks.py","lineno":139,"name":"_handle_databricks_operator_execution"}],"is_group":false,"exceptions":[]}]}
