{"timestamp":"2025-10-24T13:43:44.280775","level":"info","event":"DAG bundles loaded: dags-folder","logger":"airflow.dag_processing.bundles.manager.DagBundlesManager"}
{"timestamp":"2025-10-24T13:43:44.281139","level":"info","event":"Filling up the DagBag from /opt/airflow/dags/databricks_1.py","logger":"airflow.models.dagbag.DagBag"}
{"timestamp":"2025-10-24T13:43:44.310469","level":"warning","event":"/home/airflow/.local/lib/python3.12/site-packages/airflow/models/connection.py:471: DeprecationWarning: Using Connection.get_connection_from_secrets from `airflow.models` is deprecated.Please use `from airflow.sdk import Connection` instead\n  warnings.warn(\n","logger":"py.warnings"}
{"timestamp":"2025-10-24T13:43:44.314809","level":"info","event":"Connection Retrieved 'databricks_default'","logger":"airflow.hooks.base"}
{"timestamp":"2025-10-24T13:43:45.145266","level":"info","event":"Run submitted with run_id: 713762445227776","logger":"airflow.task.operators.airflow.providers.databricks.operators.databricks.DatabricksRunNowOperator"}
{"timestamp":"2025-10-24T13:43:46.417133","level":"info","event":"Extraindo-conversoes in run state: {'life_cycle_state': 'QUEUED', 'result_state': '', 'state_message': ''}","logger":"airflow.task.operators.airflow.providers.databricks.operators.databricks.DatabricksRunNowOperator"}
{"timestamp":"2025-10-24T13:43:46.417263","level":"info","event":"View run status, Spark UI, and logs at https://adb-411288146017767.7.azuredatabricks.net/?o=411288146017767#job/54040929043857/run/713762445227776","logger":"airflow.task.operators.airflow.providers.databricks.operators.databricks.DatabricksRunNowOperator"}
{"timestamp":"2025-10-24T13:43:46.417303","level":"info","event":"Sleeping for 30 seconds.","logger":"airflow.task.operators.airflow.providers.databricks.operators.databricks.DatabricksRunNowOperator"}
{"timestamp":"2025-10-24T13:44:17.031376","level":"info","event":"Extraindo-conversoes in run state: {'life_cycle_state': 'QUEUED', 'result_state': '', 'state_message': ''}","logger":"airflow.task.operators.airflow.providers.databricks.operators.databricks.DatabricksRunNowOperator"}
{"timestamp":"2025-10-24T13:44:17.031547","level":"info","event":"View run status, Spark UI, and logs at https://adb-411288146017767.7.azuredatabricks.net/?o=411288146017767#job/54040929043857/run/713762445227776","logger":"airflow.task.operators.airflow.providers.databricks.operators.databricks.DatabricksRunNowOperator"}
{"timestamp":"2025-10-24T13:44:17.031668","level":"info","event":"Sleeping for 30 seconds.","logger":"airflow.task.operators.airflow.providers.databricks.operators.databricks.DatabricksRunNowOperator"}
{"timestamp":"2025-10-24T13:44:47.621412","level":"info","event":"Extraindo-conversoes in run state: {'life_cycle_state': 'QUEUED', 'result_state': '', 'state_message': ''}","logger":"airflow.task.operators.airflow.providers.databricks.operators.databricks.DatabricksRunNowOperator"}
{"timestamp":"2025-10-24T13:44:47.621536","level":"info","event":"View run status, Spark UI, and logs at https://adb-411288146017767.7.azuredatabricks.net/?o=411288146017767#job/54040929043857/run/713762445227776","logger":"airflow.task.operators.airflow.providers.databricks.operators.databricks.DatabricksRunNowOperator"}
{"timestamp":"2025-10-24T13:44:47.621575","level":"info","event":"Sleeping for 30 seconds.","logger":"airflow.task.operators.airflow.providers.databricks.operators.databricks.DatabricksRunNowOperator"}
{"timestamp":"2025-10-24T13:45:18.251702","level":"info","event":"Extraindo-conversoes in run state: {'life_cycle_state': 'QUEUED', 'result_state': '', 'state_message': ''}","logger":"airflow.task.operators.airflow.providers.databricks.operators.databricks.DatabricksRunNowOperator"}
{"timestamp":"2025-10-24T13:45:18.251876","level":"info","event":"View run status, Spark UI, and logs at https://adb-411288146017767.7.azuredatabricks.net/?o=411288146017767#job/54040929043857/run/713762445227776","logger":"airflow.task.operators.airflow.providers.databricks.operators.databricks.DatabricksRunNowOperator"}
{"timestamp":"2025-10-24T13:45:18.251954","level":"info","event":"Sleeping for 30 seconds.","logger":"airflow.task.operators.airflow.providers.databricks.operators.databricks.DatabricksRunNowOperator"}
{"timestamp":"2025-10-24T13:45:48.850702","level":"info","event":"Extraindo-conversoes in run state: {'life_cycle_state': 'QUEUED', 'result_state': '', 'state_message': ''}","logger":"airflow.task.operators.airflow.providers.databricks.operators.databricks.DatabricksRunNowOperator"}
{"timestamp":"2025-10-24T13:45:48.850795","level":"info","event":"View run status, Spark UI, and logs at https://adb-411288146017767.7.azuredatabricks.net/?o=411288146017767#job/54040929043857/run/713762445227776","logger":"airflow.task.operators.airflow.providers.databricks.operators.databricks.DatabricksRunNowOperator"}
{"timestamp":"2025-10-24T13:45:48.850925","level":"info","event":"Sleeping for 30 seconds.","logger":"airflow.task.operators.airflow.providers.databricks.operators.databricks.DatabricksRunNowOperator"}
{"timestamp":"2025-10-24T13:46:19.439192","level":"info","event":"Extraindo-conversoes in run state: {'life_cycle_state': 'QUEUED', 'result_state': '', 'state_message': ''}","logger":"airflow.task.operators.airflow.providers.databricks.operators.databricks.DatabricksRunNowOperator"}
{"timestamp":"2025-10-24T13:46:19.439307","level":"info","event":"View run status, Spark UI, and logs at https://adb-411288146017767.7.azuredatabricks.net/?o=411288146017767#job/54040929043857/run/713762445227776","logger":"airflow.task.operators.airflow.providers.databricks.operators.databricks.DatabricksRunNowOperator"}
{"timestamp":"2025-10-24T13:46:19.439344","level":"info","event":"Sleeping for 30 seconds.","logger":"airflow.task.operators.airflow.providers.databricks.operators.databricks.DatabricksRunNowOperator"}
{"timestamp":"2025-10-24T13:46:50.037023","level":"info","event":"Extraindo-conversoes in run state: {'life_cycle_state': 'QUEUED', 'result_state': '', 'state_message': ''}","logger":"airflow.task.operators.airflow.providers.databricks.operators.databricks.DatabricksRunNowOperator"}
{"timestamp":"2025-10-24T13:46:50.037128","level":"info","event":"View run status, Spark UI, and logs at https://adb-411288146017767.7.azuredatabricks.net/?o=411288146017767#job/54040929043857/run/713762445227776","logger":"airflow.task.operators.airflow.providers.databricks.operators.databricks.DatabricksRunNowOperator"}
{"timestamp":"2025-10-24T13:46:50.037167","level":"info","event":"Sleeping for 30 seconds.","logger":"airflow.task.operators.airflow.providers.databricks.operators.databricks.DatabricksRunNowOperator"}
{"timestamp":"2025-10-24T13:47:20.651445","level":"info","event":"Extraindo-conversoes in run state: {'life_cycle_state': 'QUEUED', 'result_state': '', 'state_message': ''}","logger":"airflow.task.operators.airflow.providers.databricks.operators.databricks.DatabricksRunNowOperator"}
{"timestamp":"2025-10-24T13:47:20.651551","level":"info","event":"View run status, Spark UI, and logs at https://adb-411288146017767.7.azuredatabricks.net/?o=411288146017767#job/54040929043857/run/713762445227776","logger":"airflow.task.operators.airflow.providers.databricks.operators.databricks.DatabricksRunNowOperator"}
{"timestamp":"2025-10-24T13:47:20.651588","level":"info","event":"Sleeping for 30 seconds.","logger":"airflow.task.operators.airflow.providers.databricks.operators.databricks.DatabricksRunNowOperator"}
{"timestamp":"2025-10-24T13:47:51.245267","level":"info","event":"Extraindo-conversoes in run state: {'life_cycle_state': 'QUEUED', 'result_state': '', 'state_message': ''}","logger":"airflow.task.operators.airflow.providers.databricks.operators.databricks.DatabricksRunNowOperator"}
{"timestamp":"2025-10-24T13:47:51.245385","level":"info","event":"View run status, Spark UI, and logs at https://adb-411288146017767.7.azuredatabricks.net/?o=411288146017767#job/54040929043857/run/713762445227776","logger":"airflow.task.operators.airflow.providers.databricks.operators.databricks.DatabricksRunNowOperator"}
{"timestamp":"2025-10-24T13:47:51.245422","level":"info","event":"Sleeping for 30 seconds.","logger":"airflow.task.operators.airflow.providers.databricks.operators.databricks.DatabricksRunNowOperator"}
{"timestamp":"2025-10-24T13:48:21.906499","level":"info","event":"Extraindo-conversoes in run state: {'life_cycle_state': 'QUEUED', 'result_state': '', 'state_message': ''}","logger":"airflow.task.operators.airflow.providers.databricks.operators.databricks.DatabricksRunNowOperator"}
{"timestamp":"2025-10-24T13:48:21.906597","level":"info","event":"View run status, Spark UI, and logs at https://adb-411288146017767.7.azuredatabricks.net/?o=411288146017767#job/54040929043857/run/713762445227776","logger":"airflow.task.operators.airflow.providers.databricks.operators.databricks.DatabricksRunNowOperator"}
{"timestamp":"2025-10-24T13:48:21.906633","level":"info","event":"Sleeping for 30 seconds.","logger":"airflow.task.operators.airflow.providers.databricks.operators.databricks.DatabricksRunNowOperator"}
{"timestamp":"2025-10-24T13:48:52.503584","level":"info","event":"Extraindo-conversoes in run state: {'life_cycle_state': 'QUEUED', 'result_state': '', 'state_message': ''}","logger":"airflow.task.operators.airflow.providers.databricks.operators.databricks.DatabricksRunNowOperator"}
{"timestamp":"2025-10-24T13:48:52.503688","level":"info","event":"View run status, Spark UI, and logs at https://adb-411288146017767.7.azuredatabricks.net/?o=411288146017767#job/54040929043857/run/713762445227776","logger":"airflow.task.operators.airflow.providers.databricks.operators.databricks.DatabricksRunNowOperator"}
{"timestamp":"2025-10-24T13:48:52.503724","level":"info","event":"Sleeping for 30 seconds.","logger":"airflow.task.operators.airflow.providers.databricks.operators.databricks.DatabricksRunNowOperator"}
{"timestamp":"2025-10-24T13:49:23.166040","level":"info","event":"Extraindo-conversoes in run state: {'life_cycle_state': 'QUEUED', 'result_state': '', 'state_message': ''}","logger":"airflow.task.operators.airflow.providers.databricks.operators.databricks.DatabricksRunNowOperator"}
{"timestamp":"2025-10-24T13:49:23.166229","level":"info","event":"View run status, Spark UI, and logs at https://adb-411288146017767.7.azuredatabricks.net/?o=411288146017767#job/54040929043857/run/713762445227776","logger":"airflow.task.operators.airflow.providers.databricks.operators.databricks.DatabricksRunNowOperator"}
{"timestamp":"2025-10-24T13:49:23.166278","level":"info","event":"Sleeping for 30 seconds.","logger":"airflow.task.operators.airflow.providers.databricks.operators.databricks.DatabricksRunNowOperator"}
{"timestamp":"2025-10-24T13:49:53.761379","level":"info","event":"Extraindo-conversoes in run state: {'life_cycle_state': 'QUEUED', 'result_state': '', 'state_message': ''}","logger":"airflow.task.operators.airflow.providers.databricks.operators.databricks.DatabricksRunNowOperator"}
{"timestamp":"2025-10-24T13:49:53.761485","level":"info","event":"View run status, Spark UI, and logs at https://adb-411288146017767.7.azuredatabricks.net/?o=411288146017767#job/54040929043857/run/713762445227776","logger":"airflow.task.operators.airflow.providers.databricks.operators.databricks.DatabricksRunNowOperator"}
{"timestamp":"2025-10-24T13:49:53.761523","level":"info","event":"Sleeping for 30 seconds.","logger":"airflow.task.operators.airflow.providers.databricks.operators.databricks.DatabricksRunNowOperator"}
{"timestamp":"2025-10-24T13:50:24.416421","level":"info","event":"Extraindo-conversoes in run state: {'life_cycle_state': 'QUEUED', 'result_state': '', 'state_message': ''}","logger":"airflow.task.operators.airflow.providers.databricks.operators.databricks.DatabricksRunNowOperator"}
{"timestamp":"2025-10-24T13:50:24.416529","level":"info","event":"View run status, Spark UI, and logs at https://adb-411288146017767.7.azuredatabricks.net/?o=411288146017767#job/54040929043857/run/713762445227776","logger":"airflow.task.operators.airflow.providers.databricks.operators.databricks.DatabricksRunNowOperator"}
{"timestamp":"2025-10-24T13:50:24.416567","level":"info","event":"Sleeping for 30 seconds.","logger":"airflow.task.operators.airflow.providers.databricks.operators.databricks.DatabricksRunNowOperator"}
{"timestamp":"2025-10-24T13:50:55.008872","level":"info","event":"Extraindo-conversoes in run state: {'life_cycle_state': 'QUEUED', 'result_state': '', 'state_message': ''}","logger":"airflow.task.operators.airflow.providers.databricks.operators.databricks.DatabricksRunNowOperator"}
{"timestamp":"2025-10-24T13:50:55.008979","level":"info","event":"View run status, Spark UI, and logs at https://adb-411288146017767.7.azuredatabricks.net/?o=411288146017767#job/54040929043857/run/713762445227776","logger":"airflow.task.operators.airflow.providers.databricks.operators.databricks.DatabricksRunNowOperator"}
{"timestamp":"2025-10-24T13:50:55.009019","level":"info","event":"Sleeping for 30 seconds.","logger":"airflow.task.operators.airflow.providers.databricks.operators.databricks.DatabricksRunNowOperator"}
{"timestamp":"2025-10-24T13:51:25.622233","level":"info","event":"Extraindo-conversoes in run state: {'life_cycle_state': 'QUEUED', 'result_state': '', 'state_message': ''}","logger":"airflow.task.operators.airflow.providers.databricks.operators.databricks.DatabricksRunNowOperator"}
{"timestamp":"2025-10-24T13:51:25.622344","level":"info","event":"View run status, Spark UI, and logs at https://adb-411288146017767.7.azuredatabricks.net/?o=411288146017767#job/54040929043857/run/713762445227776","logger":"airflow.task.operators.airflow.providers.databricks.operators.databricks.DatabricksRunNowOperator"}
{"timestamp":"2025-10-24T13:51:25.622384","level":"info","event":"Sleeping for 30 seconds.","logger":"airflow.task.operators.airflow.providers.databricks.operators.databricks.DatabricksRunNowOperator"}
{"timestamp":"2025-10-24T13:51:56.234181","level":"info","event":"Extraindo-conversoes in run state: {'life_cycle_state': 'QUEUED', 'result_state': '', 'state_message': ''}","logger":"airflow.task.operators.airflow.providers.databricks.operators.databricks.DatabricksRunNowOperator"}
{"timestamp":"2025-10-24T13:51:56.234287","level":"info","event":"View run status, Spark UI, and logs at https://adb-411288146017767.7.azuredatabricks.net/?o=411288146017767#job/54040929043857/run/713762445227776","logger":"airflow.task.operators.airflow.providers.databricks.operators.databricks.DatabricksRunNowOperator"}
{"timestamp":"2025-10-24T13:51:56.234325","level":"info","event":"Sleeping for 30 seconds.","logger":"airflow.task.operators.airflow.providers.databricks.operators.databricks.DatabricksRunNowOperator"}
{"timestamp":"2025-10-24T13:52:26.894673","level":"info","event":"Extraindo-conversoes in run state: {'life_cycle_state': 'QUEUED', 'result_state': '', 'state_message': ''}","logger":"airflow.task.operators.airflow.providers.databricks.operators.databricks.DatabricksRunNowOperator"}
{"timestamp":"2025-10-24T13:52:26.894825","level":"info","event":"View run status, Spark UI, and logs at https://adb-411288146017767.7.azuredatabricks.net/?o=411288146017767#job/54040929043857/run/713762445227776","logger":"airflow.task.operators.airflow.providers.databricks.operators.databricks.DatabricksRunNowOperator"}
{"timestamp":"2025-10-24T13:52:26.894889","level":"info","event":"Sleeping for 30 seconds.","logger":"airflow.task.operators.airflow.providers.databricks.operators.databricks.DatabricksRunNowOperator"}
{"timestamp":"2025-10-24T13:52:57.493683","level":"info","event":"Extraindo-conversoes in run state: {'life_cycle_state': 'QUEUED', 'result_state': '', 'state_message': ''}","logger":"airflow.task.operators.airflow.providers.databricks.operators.databricks.DatabricksRunNowOperator"}
{"timestamp":"2025-10-24T13:52:57.493820","level":"info","event":"View run status, Spark UI, and logs at https://adb-411288146017767.7.azuredatabricks.net/?o=411288146017767#job/54040929043857/run/713762445227776","logger":"airflow.task.operators.airflow.providers.databricks.operators.databricks.DatabricksRunNowOperator"}
{"timestamp":"2025-10-24T13:52:57.493867","level":"info","event":"Sleeping for 30 seconds.","logger":"airflow.task.operators.airflow.providers.databricks.operators.databricks.DatabricksRunNowOperator"}
{"timestamp":"2025-10-24T13:53:28.114392","level":"info","event":"Extraindo-conversoes in run state: {'life_cycle_state': 'QUEUED', 'result_state': '', 'state_message': ''}","logger":"airflow.task.operators.airflow.providers.databricks.operators.databricks.DatabricksRunNowOperator"}
{"timestamp":"2025-10-24T13:53:28.114509","level":"info","event":"View run status, Spark UI, and logs at https://adb-411288146017767.7.azuredatabricks.net/?o=411288146017767#job/54040929043857/run/713762445227776","logger":"airflow.task.operators.airflow.providers.databricks.operators.databricks.DatabricksRunNowOperator"}
{"timestamp":"2025-10-24T13:53:28.114550","level":"info","event":"Sleeping for 30 seconds.","logger":"airflow.task.operators.airflow.providers.databricks.operators.databricks.DatabricksRunNowOperator"}
{"timestamp":"2025-10-24T13:53:58.747642","level":"info","event":"Extraindo-conversoes in run state: {'life_cycle_state': 'QUEUED', 'result_state': '', 'state_message': ''}","logger":"airflow.task.operators.airflow.providers.databricks.operators.databricks.DatabricksRunNowOperator"}
{"timestamp":"2025-10-24T13:53:58.747743","level":"info","event":"View run status, Spark UI, and logs at https://adb-411288146017767.7.azuredatabricks.net/?o=411288146017767#job/54040929043857/run/713762445227776","logger":"airflow.task.operators.airflow.providers.databricks.operators.databricks.DatabricksRunNowOperator"}
{"timestamp":"2025-10-24T13:53:58.747780","level":"info","event":"Sleeping for 30 seconds.","logger":"airflow.task.operators.airflow.providers.databricks.operators.databricks.DatabricksRunNowOperator"}
{"timestamp":"2025-10-24T13:54:29.417397","level":"info","event":"Extraindo-conversoes in run state: {'life_cycle_state': 'QUEUED', 'result_state': '', 'state_message': ''}","logger":"airflow.task.operators.airflow.providers.databricks.operators.databricks.DatabricksRunNowOperator"}
{"timestamp":"2025-10-24T13:54:29.417503","level":"info","event":"View run status, Spark UI, and logs at https://adb-411288146017767.7.azuredatabricks.net/?o=411288146017767#job/54040929043857/run/713762445227776","logger":"airflow.task.operators.airflow.providers.databricks.operators.databricks.DatabricksRunNowOperator"}
{"timestamp":"2025-10-24T13:54:29.417544","level":"info","event":"Sleeping for 30 seconds.","logger":"airflow.task.operators.airflow.providers.databricks.operators.databricks.DatabricksRunNowOperator"}
{"timestamp":"2025-10-24T13:55:00.022560","level":"info","event":"Extraindo-conversoes in run state: {'life_cycle_state': 'QUEUED', 'result_state': '', 'state_message': ''}","logger":"airflow.task.operators.airflow.providers.databricks.operators.databricks.DatabricksRunNowOperator"}
{"timestamp":"2025-10-24T13:55:00.022670","level":"info","event":"View run status, Spark UI, and logs at https://adb-411288146017767.7.azuredatabricks.net/?o=411288146017767#job/54040929043857/run/713762445227776","logger":"airflow.task.operators.airflow.providers.databricks.operators.databricks.DatabricksRunNowOperator"}
{"timestamp":"2025-10-24T13:55:00.022711","level":"info","event":"Sleeping for 30 seconds.","logger":"airflow.task.operators.airflow.providers.databricks.operators.databricks.DatabricksRunNowOperator"}
{"timestamp":"2025-10-24T13:55:30.648680","level":"info","event":"Extraindo-conversoes in run state: {'life_cycle_state': 'QUEUED', 'result_state': '', 'state_message': ''}","logger":"airflow.task.operators.airflow.providers.databricks.operators.databricks.DatabricksRunNowOperator"}
{"timestamp":"2025-10-24T13:55:30.648789","level":"info","event":"View run status, Spark UI, and logs at https://adb-411288146017767.7.azuredatabricks.net/?o=411288146017767#job/54040929043857/run/713762445227776","logger":"airflow.task.operators.airflow.providers.databricks.operators.databricks.DatabricksRunNowOperator"}
{"timestamp":"2025-10-24T13:55:30.648827","level":"info","event":"Sleeping for 30 seconds.","logger":"airflow.task.operators.airflow.providers.databricks.operators.databricks.DatabricksRunNowOperator"}
{"timestamp":"2025-10-24T13:56:01.292327","level":"info","event":"Extraindo-conversoes in run state: {'life_cycle_state': 'QUEUED', 'result_state': '', 'state_message': ''}","logger":"airflow.task.operators.airflow.providers.databricks.operators.databricks.DatabricksRunNowOperator"}
{"timestamp":"2025-10-24T13:56:01.292493","level":"info","event":"View run status, Spark UI, and logs at https://adb-411288146017767.7.azuredatabricks.net/?o=411288146017767#job/54040929043857/run/713762445227776","logger":"airflow.task.operators.airflow.providers.databricks.operators.databricks.DatabricksRunNowOperator"}
{"timestamp":"2025-10-24T13:56:01.292548","level":"info","event":"Sleeping for 30 seconds.","logger":"airflow.task.operators.airflow.providers.databricks.operators.databricks.DatabricksRunNowOperator"}
{"timestamp":"2025-10-24T13:56:31.904458","level":"info","event":"Extraindo-conversoes in run state: {'life_cycle_state': 'QUEUED', 'result_state': '', 'state_message': ''}","logger":"airflow.task.operators.airflow.providers.databricks.operators.databricks.DatabricksRunNowOperator"}
{"timestamp":"2025-10-24T13:56:31.904596","level":"info","event":"View run status, Spark UI, and logs at https://adb-411288146017767.7.azuredatabricks.net/?o=411288146017767#job/54040929043857/run/713762445227776","logger":"airflow.task.operators.airflow.providers.databricks.operators.databricks.DatabricksRunNowOperator"}
{"timestamp":"2025-10-24T13:56:31.904640","level":"info","event":"Sleeping for 30 seconds.","logger":"airflow.task.operators.airflow.providers.databricks.operators.databricks.DatabricksRunNowOperator"}
{"timestamp":"2025-10-24T13:57:02.545837","level":"info","event":"Extraindo-conversoes in run state: {'life_cycle_state': 'QUEUED', 'result_state': '', 'state_message': ''}","logger":"airflow.task.operators.airflow.providers.databricks.operators.databricks.DatabricksRunNowOperator"}
{"timestamp":"2025-10-24T13:57:02.545946","level":"info","event":"View run status, Spark UI, and logs at https://adb-411288146017767.7.azuredatabricks.net/?o=411288146017767#job/54040929043857/run/713762445227776","logger":"airflow.task.operators.airflow.providers.databricks.operators.databricks.DatabricksRunNowOperator"}
{"timestamp":"2025-10-24T13:57:02.545983","level":"info","event":"Sleeping for 30 seconds.","logger":"airflow.task.operators.airflow.providers.databricks.operators.databricks.DatabricksRunNowOperator"}
{"timestamp":"2025-10-24T13:57:33.162681","level":"info","event":"Extraindo-conversoes in run state: {'life_cycle_state': 'RUNNING', 'result_state': '', 'state_message': ''}","logger":"airflow.task.operators.airflow.providers.databricks.operators.databricks.DatabricksRunNowOperator"}
{"timestamp":"2025-10-24T13:57:33.162782","level":"info","event":"View run status, Spark UI, and logs at https://adb-411288146017767.7.azuredatabricks.net/?o=411288146017767#job/54040929043857/run/713762445227776","logger":"airflow.task.operators.airflow.providers.databricks.operators.databricks.DatabricksRunNowOperator"}
{"timestamp":"2025-10-24T13:57:33.162822","level":"info","event":"Sleeping for 30 seconds.","logger":"airflow.task.operators.airflow.providers.databricks.operators.databricks.DatabricksRunNowOperator"}
{"timestamp":"2025-10-24T13:58:05.244756","level":"error","event":"Task failed with exception","logger":"task","error_detail":[{"exc_type":"AirflowException","exc_value":"Extraindo-conversoes failed with terminal state: {'life_cycle_state': 'INTERNAL_ERROR', 'result_state': 'FAILED', 'state_message': 'Task EXTRACT_DATA failed with message: Workload failed, see run output for details.'} and with the errors [{'task_key': 'EXTRACT_DATA', 'run_id': 859067180929659, 'error': 'Exception: Not Found'}, {'task_key': 'EXTRACT_DATA', 'run_id': 525820638318582, 'error': 'Exception: Not Found'}]","exc_notes":[],"syntax_error":null,"is_cause":false,"frames":[{"filename":"/home/airflow/.local/lib/python3.12/site-packages/airflow/sdk/execution_time/task_runner.py","lineno":890,"name":"run"},{"filename":"/home/airflow/.local/lib/python3.12/site-packages/airflow/sdk/execution_time/task_runner.py","lineno":1177,"name":"_execute_task"},{"filename":"/home/airflow/.local/lib/python3.12/site-packages/airflow/sdk/bases/operator.py","lineno":397,"name":"wrapper"},{"filename":"/home/airflow/.local/lib/python3.12/site-packages/airflow/providers/databricks/operators/databricks.py","lineno":939,"name":"execute"},{"filename":"/home/airflow/.local/lib/python3.12/site-packages/airflow/providers/databricks/operators/databricks.py","lineno":139,"name":"_handle_databricks_operator_execution"}],"is_group":false,"exceptions":[]}]}
